Component: ARM Compiler 5.06 update 6 (build 750) Tool: armlink [4d35ed]

==============================================================================

Section Cross References

    main.o(i.Beep_Clock) refers to beep.o(i.BEEP_Config) for BEEP_Config
    main.o(i.Beep_Clock) refers to memseta.o(.text) for __aeabi_memclr4
    main.o(i.Beep_Clock) refers to stm32f4xx_rtc.o(i.RTC_GetDate) for RTC_GetDate
    main.o(i.Beep_Clock) refers to stm32f4xx_rtc.o(i.RTC_GetTime) for RTC_GetTime
    main.o(i.Beep_Clock) refers to printfa.o(i.__0sprintf) for __2sprintf
    main.o(i.Beep_Clock) refers to strcmp.o(.text) for strcmp
    main.o(i.Beep_Clock) refers to delay.o(i.delay_ms) for delay_ms
    main.o(i.Beep_Clock) refers to main.o(.data) for second
    main.o(i.BlueTooth_Ctrl) refers to oled.o(i.OLED_Clear) for OLED_Clear
    main.o(i.BlueTooth_Ctrl) refers to main.o(i.Oled_show_clock) for Oled_show_clock
    main.o(i.BlueTooth_Ctrl) refers to delay.o(i.delay_ms) for delay_ms
    main.o(i.BlueTooth_Ctrl) refers to main.o(.data) for uart1_recv_data
    main.o(i.Oled_show_clock) refers to stm32f4xx_rtc.o(i.RTC_GetDate) for RTC_GetDate
    main.o(i.Oled_show_clock) refers to stm32f4xx_rtc.o(i.RTC_GetTime) for RTC_GetTime
    main.o(i.Oled_show_clock) refers to memseta.o(.text) for __aeabi_memclr4
    main.o(i.Oled_show_clock) refers to oled.o(i.OLED_Clear) for OLED_Clear
    main.o(i.Oled_show_clock) refers to printfa.o(i.__0sprintf) for __2sprintf
    main.o(i.Oled_show_clock) refers to oled.o(i.OLED_ShowString) for OLED_ShowString
    main.o(i.Oled_show_clock) refers to strlen.o(.text) for strlen
    main.o(i.Oled_show_clock) refers to delay.o(i.delay_ms) for delay_ms
    main.o(i.Oled_show_clock) refers to main.o(.data) for second
    main.o(i.Oled_show_temp) refers to memseta.o(.text) for __aeabi_memclr4
    main.o(i.Oled_show_temp) refers to dht11.o(i.DHT11_Read_Data) for DHT11_Read_Data
    main.o(i.Oled_show_temp) refers to dfltui.o(.text) for __aeabi_ui2d
    main.o(i.Oled_show_temp) refers to dmul.o(.text) for __aeabi_dmul
    main.o(i.Oled_show_temp) refers to d2f.o(.text) for __aeabi_d2f
    main.o(i.Oled_show_temp) refers to f2d.o(.text) for __aeabi_f2d
    main.o(i.Oled_show_temp) refers to dadd.o(.text) for __aeabi_dsub
    main.o(i.Oled_show_temp) refers to printfa.o(i.__0sprintf) for __2sprintf
    main.o(i.Oled_show_temp) refers to strlen.o(.text) for strlen
    main.o(i.Oled_show_temp) refers to oled.o(i.OLED_ShowString) for OLED_ShowString
    main.o(i.Oled_show_temp) refers to printfa.o(i.__0printf) for __2printf
    main.o(i.Oled_show_temp) refers to delay.o(i.delay_ms) for delay_ms
    main.o(i.Oled_show_time) refers to oled.o(i.OLED_Config) for OLED_Config
    main.o(i.Oled_show_time) refers to oled.o(i.OLED_Clear) for OLED_Clear
    main.o(i.Oled_show_time) refers to memseta.o(.text) for __aeabi_memclr4
    main.o(i.Oled_show_time) refers to main.o(i.oled_time) for oled_time
    main.o(i.Oled_show_time) refers to strlen.o(.text) for strlen
    main.o(i.Oled_show_time) refers to memcpya.o(.text) for __aeabi_memcpy
    main.o(i.Oled_show_time) refers to oled.o(i.OLED_ShowString) for OLED_ShowString
    main.o(i.Oled_show_time) refers to delay.o(i.delay_ms) for delay_ms
    main.o(i.Task1_OLED) refers to oled.o(i.OLED_Config) for OLED_Config
    main.o(i.Task1_OLED) refers to memseta.o(.text) for __aeabi_memclr4
    main.o(i.Task1_OLED) refers to queue.o(i.xQueueReceive) for xQueueReceive
    main.o(i.Task1_OLED) refers to printfa.o(i.__0printf) for __2printf
    main.o(i.Task1_OLED) refers to oled.o(i.OLED_Clear) for OLED_Clear
    main.o(i.Task1_OLED) refers to tasks.o(i.vTaskSuspend) for vTaskSuspend
    main.o(i.Task1_OLED) refers to main.o(i.Oled_show_clock) for Oled_show_clock
    main.o(i.Task1_OLED) refers to oled.o(i.OLED_ShowString) for OLED_ShowString
    main.o(i.Task1_OLED) refers to tasks.o(i.vTaskResume) for vTaskResume
    main.o(i.Task1_OLED) refers to main.o(.data) for xQueue1
    main.o(i.Task2_KEY) refers to key.o(i.KEY_Config) for KEY_Config
    main.o(i.Task2_KEY) refers to delay.o(i.delay_ms) for delay_ms
    main.o(i.Task2_KEY) refers to queue.o(i.xQueueGenericSend) for xQueueGenericSend
    main.o(i.Task2_KEY) refers to tasks.o(i.vTaskDelay) for vTaskDelay
    main.o(i.Task2_KEY) refers to main.o(.data) for xQueue1
    main.o(i.Turn_led) refers to adc.o(i.ADC1_Config) for ADC1_Config
    main.o(i.Turn_led) refers to adc.o(i.ADC3_Config) for ADC3_Config
    main.o(i.Turn_led) refers to delay.o(i.delay_ms) for delay_ms
    main.o(i.USART1_IRQHandler) refers to stm32f4xx_usart.o(i.USART_GetITStatus) for USART_GetITStatus
    main.o(i.USART1_IRQHandler) refers to stm32f4xx_usart.o(i.USART_ClearITPendingBit) for USART_ClearITPendingBit
    main.o(i.USART1_IRQHandler) refers to stm32f4xx_usart.o(i.USART_ReceiveData) for USART_ReceiveData
    main.o(i.USART1_IRQHandler) refers to main.o(.data) for uart1_recv_data
[...]
    ..\\Hardware\\flash.c                    0x00000000   Number         0  flash.o ABSOLUTE
    ..\\Hardware\\iic.c                      0x00000000   Number         0  iic.o ABSOLUTE
    ..\\Hardware\\key.c                      0x00000000   Number         0  key.o ABSOLUTE
    ..\\Hardware\\led.c                      0x00000000   Number         0  led.o ABSOLUTE
    ..\\Hardware\\motor.c                    0x00000000   Number         0  motor.o ABSOLUTE
    ..\\Hardware\\mqtt.c                     0x00000000   Number         0  mqtt.o ABSOLUTE
    ..\\Hardware\\oled.c                     0x00000000   Number         0  oled.o ABSOLUTE
    ..\\Hardware\\rtc.c                      0x00000000   Number         0  rtc.o ABSOLUTE
    ..\\Hardware\\spi.c                      0x00000000   Number         0  spi.o ABSOLUTE
    ..\\Hardware\\tim.c                      0x00000000   Number         0  tim.o ABSOLUTE
    ..\\Hardware\\uart.c                     0x00000000   Number         0  uart.o ABSOLUTE
    ..\\Hardware\\ymodem.c                   0x00000000   Number         0  ymodem.o ABSOLUTE
    ..\\STM32F4xx_Lib\\src\\misc.c           0x00000000   Number         0  misc.o ABSOLUTE
    ..\\STM32F4xx_Lib\\src\\stm32f4xx_adc.c  0x00000000   Number         0  stm32f4xx_adc.o ABSOLUTE
    ..\\STM32F4xx_Lib\\src\\stm32f4xx_dma.c  0x00000000   Number         0  stm32f4xx_dma.o ABSOLUTE
    ..\\STM32F4xx_Lib\\src\\stm32f4xx_exti.c 0x00000000   Number         0  stm32f4xx_exti.o ABSOLUTE
    ..\\STM32F4xx_Lib\\src\\stm32f4xx_gpio.c 0x00000000   Number         0  stm32f4xx_gpio.o ABSOLUTE
    ..\\STM32F4xx_Lib\\src\\stm32f4xx_pwr.c  0x00000000   Number         0  stm32f4xx_pwr.o ABSOLUTE
    ..\\STM32F4xx_Lib\\src\\stm32f4xx_rcc.c  0x00000000   Number         0  stm32f4xx_rcc.o ABSOLUTE
    ..\\STM32F4xx_Lib\\src\\stm32f4xx_rtc.c  0x00000000   Number         0  stm32f4xx_rtc.o ABSOLUTE
    ..\\STM32F4xx_Lib\\src\\stm32f4xx_tim.c  0x00000000   Number         0  stm32f4xx_tim.o ABSOLUTE
    ..\\STM32F4xx_Lib\\src\\stm32f4xx_usart.c 0x00000000   Number         0  stm32f4xx_usart.o ABSOLUTE
    ..\\USER\\main.c                         0x00000000   Number         0  main.o ABSOLUTE
    cdrcmple.s                               0x00000000   Number         0  cdrcmple.o ABSOLUTE
    dc.s                                     0x00000000   Number         0  dc.o ABSOLUTE
    handlers.s                               0x00000000   Number         0  handlers.o ABSOLUTE
    init.s                                   0x00000000   Number         0  init.o ABSOLUTE
    RESET                                    0x08000000   Section      392  startup_stm32f40_41xxx.o(RESET)
    .ARM.Collect$$$$00000000                 0x08000188   Section        0  entry.o(.ARM.Collect$$$$00000000)
    .ARM.Collect$$$$00000001                 0x08000188   Section        4  entry2.o(.ARM.Collect$$$$00000001)
    .ARM.Collect$$$$00000004                 0x0800018c   Section        4  entry5.o(.ARM.Collect$$$$00000004)
    .ARM.Collect$$$$00000008                 0x08000190   Section        0  entry7b.o(.ARM.Collect$$$$00000008)
    .ARM.Collect$$$$0000000A                 0x08000190   Section        0  entry8b.o(.ARM.Collect$$$$0000000A)
    .ARM.Collect$$$$0000000B                 0x08000190   Section        8  entry9a.o(.ARM.Collect$$$$0000000B)
    .ARM.Collect$$$$0000000D                 0x08000198   Section        0  entry10a.o(.ARM.Collect$$$$0000000D)
    .ARM.Collect$$$$0000000F                 0x08000198   Section        0  entry11a.o(.ARM.Collect$$$$0000000F)
    .ARM.Collect$$$$00002712                 0x08000198   Section        4  entry2.o(.ARM.Collect$$$$00002712)
    __lit__00000000                          0x08000198   Data           4  entry2.o(.ARM.Collect$$$$00002712)
    .emb_text                                0x0800019c   Section      190  port.o(.emb_text)
    $v0                                      0x0800019c   Number         0  port.o(.emb_text)
    .text                                    0x0800025c   Section       36  startup_stm32f40_41xxx.o(.text)
    $v0                                      0x0800025c   Number         0  startup_stm32f40_41xxx.o(.text)
    .text                                    0x08000280   Section        0  memcpya.o(.text)
    .text                                    0x080002a4   Section        0  memseta.o(.text)
    .text                                    0x080002c8   Section        0  strlen.o(.text)
    .text                                    0x080002d6   Section        0  strcmp.o(.text)
    .text                                    0x080002f2   Section        0  dadd.o(.text)
    .text                                    0x08000440   Section        0  dmul.o(.text)
    .text                                    0x08000524   Section        0  dfltui.o(.text)
    .text                                    0x0800053e   Section        0  f2d.o(.text)
    .text                                    0x08000564   Section        0  d2f.o(.text)
    .text                                    0x0800059c   Section        0  uidiv.o(.text)
    .text                                    0x080005c8   Section        0  uldiv.o(.text)
    .text                                    0x0800062a   Section        0  llshl.o(.text)
    .text                                    0x08000648   Section        0  llsshr.o(.text)
    .text                                    0x0800066c   Section        0  fepilogue.o(.text)
    .text                                    0x0800066c   Section        0  iusefp.o(.text)
    .text                                    0x080006da   Section        0  depilogue.o(.text)
    .text                                    0x08000794   Section        0  ddiv.o(.text)
    .text                                    0x08000872   Section        0  dfixul.o(.text)
    .text                                    0x080008a4   Section       48  cdrcmple.o(.text)
    .text                                    0x080008d4   Section       36  init.o(.text)
    .text                                    0x080008f8   Section        0  llushr.o(.text)
    i.ADC1_Config                            0x08000918   Section        0  adc.o(i.ADC1_Config)
    i.ADC3_Config                            0x08000a3c   Section        0  adc.o(i.ADC3_Config)
    i.ADC_Cmd                                0x08000afc   Section        0  stm32f4xx_adc.o(i.ADC_Cmd)
    i.ADC_CommonInit                         0x08000b14   Section        0  stm32f4xx_adc.o(i.ADC_CommonInit)
    i.ADC_DMACmd                             0x08000b44   Section        0  stm32f4xx_adc.o(i.ADC_DMACmd)
    i.ADC_DMARequestAfterLastTransferCmd     0x08000b5a   Section        0  stm32f4xx_adc.o(i.ADC_DMARequestAfterLastTransferCmd)
    i.ADC_Init                               0x08000b70   Section        0  stm32f4xx_adc.o(i.ADC_Init)
    i.ADC_RegularChannelConfig               0x08000bc4   Section        0  stm32f4xx_adc.o(i.ADC_RegularChannelConfig)
    i.ADC_SoftwareStartConv                  0x08000c7c   Section        0  stm32f4xx_adc.o(i.ADC_SoftwareStartConv)
    i.BEEP_Config                            0x08000c88   Section        0  beep.o(i.BEEP_Config)
    i.Beep_Clock                             0x08000cbc   Section        0  main.o(i.Beep_Clock)
    i.BlueTooth_Ctrl                         0x08000db8   Section        0  main.o(i.BlueTooth_Ctrl)
    i.DHT11_Check                            0x08000e84   Section        0  dht11.o(i.DHT11_Check)
    i.DHT11_Read_Bit                         0x08000ed4   Section        0  dht11.o(i.DHT11_Read_Bit)
    i.DHT11_Read_Byte                        0x08000f20   Section        0  dht11.o(i.DHT11_Read_Byte)
    i.DHT11_Read_Data                        0x08000f3e   Section        0  dht11.o(i.DHT11_Read_Data)
    i.DHT11_Rst                              0x08000fac   Section        0  dht11.o(i.DHT11_Rst)
    i.DMA_Cmd                                0x08000fd8   Section        0  stm32f4xx_dma.o(i.DMA_Cmd)
    i.DMA_Init                               0x08000ff0   Section        0  stm32f4xx_dma.o(i.DMA_Init)
    i.EXTI0_IRQHandler                       0x08001048   Section        0  key.o(i.EXTI0_IRQHandler)
    i.EXTI_ClearITPendingBit                 0x08001060   Section        0  stm32f4xx_exti.o(i.EXTI_ClearITPendingBit)
    i.GPIO_Init                              0x0800106c   Section        0  stm32f4xx_gpio.o(i.GPIO_Init)
    i.GPIO_PinAFConfig                       0x080010fc   Section        0  stm32f4xx_gpio.o(i.GPIO_PinAFConfig)
    i.GPIO_ToggleBits                        0x08001142   Section        0  stm32f4xx_gpio.o(i.GPIO_ToggleBits)
    i.GPIO_WriteBit                          0x0800114a   Section        0  stm32f4xx_gpio.o(i.GPIO_WriteBit)
    i.KEY_Config                             0x08001154   Section        0  key.o(i.KEY_Config)
    i.LED_Config                             0x08001194   Section        0  led.o(i.LED_Config)
    i.NVIC_Init                              0x080011f8   Section        0  misc.o(i.NVIC_Init)
    i.NVIC_PriorityGroupConfig               0x08001270   Section        0  misc.o(i.NVIC_PriorityGroupConfig)
    i.OLED_Clear                             0x08001284   Section        0  oled.o(i.OLED_Clear)
    i.OLED_Config                            0x080012c4   Section        0  oled.o(i.OLED_Config)
    i.OLED_Set_Pos                           0x080013f8   Section        0  oled.o(i.OLED_Set_Pos)
    i.OLED_ShowChar                          0x08001424   Section        0  oled.o(i.OLED_ShowChar)
    i.OLED_ShowString                        0x080014cc   Section        0  oled.o(i.OLED_ShowString)
    i.OLED_WR_Byte                           0x08001520   Section        0  oled.o(i.OLED_WR_Byte)
    i.Oled_show_clock                        0x0800155c   Section        0  main.o(i.Oled_show_clock)
    i.Oled_show_temp                         0x0800162c   Section        0  main.o(i.Oled_show_temp)
    i.Oled_show_time                         0x0800178c   Section        0  main.o(i.Oled_show_time)
    i.RCC_AHB1PeriphClockCmd                 0x080017dc   Section        0  stm32f4xx_rcc.o(i.RCC_AHB1PeriphClockCmd)
    i.RCC_APB2PeriphClockCmd                 0x080017fc   Section        0  stm32f4xx_rcc.o(i.RCC_APB2PeriphClockCmd)
    i.RCC_GetClocksFreq                      0x0800181c   Section        0  stm32f4xx_rcc.o(i.RCC_GetClocksFreq)
    i.RTC_Alarm_IRQHandler                   0x08001904   Section        0  rtc.o(i.RTC_Alarm_IRQHandler)
    i.RTC_Bcd2ToByte                         0x08001934   Section        0  stm32f4xx_rtc.o(i.RTC_Bcd2ToByte)
    RTC_Bcd2ToByte                           0x08001935   Thumb Code    22  stm32f4xx_rtc.o(i.RTC_Bcd2ToByte)
    i.RTC_ClearFlag                          0x0800194c   Section        0  stm32f4xx_rtc.o(i.RTC_ClearFlag)
    i.RTC_GetDate                            0x08001968   Section        0  stm32f4xx_rtc.o(i.RTC_GetDate)
    i.RTC_GetFlagStatus                      0x080019b4   Section        0  stm32f4xx_rtc.o(i.RTC_GetFlagStatus)
    i.RTC_GetTime                            0x080019dc   Section        0  stm32f4xx_rtc.o(i.RTC_GetTime)
    i.RTC_WKUP_IRQHandler                    0x08001a2c   Section        0  rtc.o(i.RTC_WKUP_IRQHandler)
    i.SPI0_ReadWriteByte                     0x08001a60   Section        0  spi.o(i.SPI0_ReadWriteByte)
    i.SPI_Config                             0x08001aa4   Section        0  spi.o(i.SPI_Config)
    i.SetSysClock                            0x08001b14   Section        0  system_stm32f4xx.o(i.SetSysClock)
    SetSysClock                              0x08001b15   Thumb Code   220  system_stm32f4xx.o(i.SetSysClock)
    i.SysTick_Handler                        0x08001c00   Section        0  port.o(i.SysTick_Handler)
    i.SystemInit                             0x08001c34   Section        0  system_stm32f4xx.o(i.SystemInit)
    i.TIM2_IRQHandler                        0x08001c9c   Section        0  tim.o(i.TIM2_IRQHandler)
    i.TIM3_IRQHandler                        0x08001cc0   Section        0  tim.o(i.TIM3_IRQHandler)
    i.TIM4_IRQHandler                        0x08001ce8   Section        0  tim.o(i.TIM4_IRQHandler)
    i.TIM5_IRQHandler                        0x08001d10   Section        0  tim.o(i.TIM5_IRQHandler)
    i.TIM6_DAC_IRQHandler                    0x08001d38   Section        0  tim.o(i.TIM6_DAC_IRQHandler)
    i.TIM_ClearITPendingBit                  0x08001d60   Section        0  stm32f4xx_tim.o(i.TIM_ClearITPendingBit)
    i.TIM_GetITStatus                        0x08001d66   Section        0  stm32f4xx_tim.o(i.TIM_GetITStatus)
    i.Task1_OLED                             0x08001d88   Section        0  main.o(i.Task1_OLED)
    i.Task2_KEY                              0x08001f04   Section        0  main.o(i.Task2_KEY)
    i.Turn_led                               0x0800200c   Section        0  main.o(i.Turn_led)
    i.UART1_Config                           0x080020f8   Section        0  uart.o(i.UART1_Config)
    i.USART1_IRQHandler                      0x080021a4   Section        0  main.o(i.USART1_IRQHandler)
    i.USART3_IRQHandler                      0x080021d0   Section        0  uart.o(i.USART3_IRQHandler)
    i.USART_ClearITPendingBit                0x08002200   Section        0  stm32f4xx_usart.o(i.USART_ClearITPendingBit)
    i.USART_Cmd                              0x0800221e   Section        0  stm32f4xx_usart.o(i.USART_Cmd)
    i.USART_GetITStatus                      0x08002236   Section        0  stm32f4xx_usart.o(i.USART_GetITStatus)
    i.USART_ITConfig                         0x0800228a   Section        0  stm32f4xx_usart.o(i.USART_ITConfig)
    i.USART_Init                             0x080022d4   Section        0  stm32f4xx_usart.o(i.USART_Init)
    i.USART_ReceiveData                      0x080023a8   Section        0  stm32f4xx_usart.o(i.USART_ReceiveData)
    i.__0printf                              0x080023b4   Section        0  printfa.o(i.__0printf)
    i.__0sprintf                             0x080023d4   Section        0  printfa.o(i.__0sprintf)
    i.__DHT11_Pin_Select                     0x080023fc   Section        0  dht11.o(i.__DHT11_Pin_Select)
    __DHT11_Pin_Select                       0x080023fd   Thumb Code    50  dht11.o(i.__DHT11_Pin_Select)
    i.__scatterload_copy                     0x08002434   Section       14  handlers.o(i.__scatterload_copy)
    i.__scatterload_null                     0x08002442   Section        2  handlers.o(i.__scatterload_null)
    i.__scatterload_zeroinit                 0x08002444   Section       14  handlers.o(i.__scatterload_zeroinit)
    i._fp_digits                             0x08002454   Section        0  printfa.o(i._fp_digits)
    _fp_digits                               0x08002455   Thumb Code   366  printfa.o(i._fp_digits)
    i._printf_core                           0x080025d8   Section        0  printfa.o(i._printf_core)
    _printf_core                             0x080025d9   Thumb Code  1744  printfa.o(i._printf_core)
    i._printf_post_padding                   0x08002cb4   Section        0  printfa.o(i._printf_post_padding)
    _printf_post_padding                     0x08002cb5   Thumb Code    36  printfa.o(i._printf_post_padding)
    i._printf_pre_padding                    0x08002cd8   Section        0  printfa.o(i._printf_pre_padding)
    _printf_pre_padding                      0x08002cd9   Thumb Code    46  printfa.o(i._printf_pre_padding)
    i._sputc                                 0x08002d06   Section        0  printfa.o(i._sputc)
    _sputc                                   0x08002d07   Thumb Code    10  printfa.o(i._sputc)
    i.delay_ms                               0x08002d10   Section        0  delay.o(i.delay_ms)
    i.delay_us                               0x08002d1c   Section        0  delay.o(i.delay_us)
    i.fputc                                  0x08002d70   Section        0  uart.o(i.fputc)
    i.main                                   0x08002d94   Section        0  main.o(i.main)
    i.oled_time                              0x08002f20   Section        0  main.o(i.oled_time)
    i.prvAddCurrentTaskToDelayedList         0x08002f98   Section        0  tasks.o(i.prvAddCurrentTaskToDelayedList)
    prvAddCurrentTaskToDelayedList           0x08002f99   Thumb Code   164  tasks.o(i.prvAddCurrentTaskToDelayedList)
    i.prvAddNewTaskToReadyList               0x08003058   Section        0  tasks.o(i.prvAddNewTaskToReadyList)
    prvAddNewTaskToReadyList                 0x08003059   Thumb Code   206  tasks.o(i.prvAddNewTaskToReadyList)
    i.prvCheckTasksWaitingTermination        0x08003144   Section        0  tasks.o(i.prvCheckTasksWaitingTermination)
    prvCheckTasksWaitingTermination          0x08003145   Thumb Code    60  tasks.o(i.prvCheckTasksWaitingTermination)
    i.prvCopyDataFromQueue                   0x0800318c   Section        0  queue.o(i.prvCopyDataFromQueue)
    prvCopyDataFromQueue                     0x0800318d   Thumb Code    42  queue.o(i.prvCopyDataFromQueue)
    i.prvCopyDataToQueue                     0x080031b6   Section        0  queue.o(i.prvCopyDataToQueue)
    prvCopyDataToQueue                       0x080031b7   Thumb Code   126  queue.o(i.prvCopyDataToQueue)
    i.prvDeleteTCB                           0x08003234   Section        0  tasks.o(i.prvDeleteTCB)
    prvDeleteTCB                             0x08003235   Thumb Code    18  tasks.o(i.prvDeleteTCB)
    i.prvHeapInit                            0x08003248   Section        0  heap_4.o(i.prvHeapInit)
    prvHeapInit                              0x08003249   Thumb Code    90  heap_4.o(i.prvHeapInit)
    i.prvIdleTask                            0x080032b8   Section        0  tasks.o(i.prvIdleTask)
    prvIdleTask                              0x080032b9   Thumb Code    32  tasks.o(i.prvIdleTask)
    i.prvInitialiseNewQueue                  0x080032e0   Section        0  queue.o(i.prvInitialiseNewQueue)
    prvInitialiseNewQueue                    0x080032e1   Thumb Code    42  queue.o(i.prvInitialiseNewQueue)
    i.prvInitialiseNewTask                   0x0800330c   Section        0  tasks.o(i.prvInitialiseNewTask)
    prvInitialiseNewTask                     0x0800330d   Thumb Code   232  tasks.o(i.prvInitialiseNewTask)
    i.prvInitialiseTaskLists                 0x08003424   Section        0  tasks.o(i.prvInitialiseTaskLists)
    prvInitialiseTaskLists                   0x08003425   Thumb Code    70  tasks.o(i.prvInitialiseTaskLists)
    i.prvInsertBlockIntoFreeList             0x0800348c   Section        0  heap_4.o(i.prvInsertBlockIntoFreeList)
    prvInsertBlockIntoFreeList               0x0800348d   Thumb Code    96  heap_4.o(i.prvInsertBlockIntoFreeList)
    i.prvIsQueueEmpty                        0x080034f4   Section        0  queue.o(i.prvIsQueueEmpty)
    prvIsQueueEmpty                          0x080034f5   Thumb Code    26  queue.o(i.prvIsQueueEmpty)
    i.prvIsQueueFull                         0x0800350e   Section        0  queue.o(i.prvIsQueueFull)
    prvIsQueueFull                           0x0800350f   Thumb Code    30  queue.o(i.prvIsQueueFull)
    i.prvResetNextTaskUnblockTime            0x0800352c   Section        0  tasks.o(i.prvResetNextTaskUnblockTime)
    prvResetNextTaskUnblockTime              0x0800352d   Thumb Code    40  tasks.o(i.prvResetNextTaskUnblockTime)
    i.prvTaskExitError                       0x0800355c   Section        0  port.o(i.prvTaskExitError)
    prvTaskExitError                         0x0800355d   Thumb Code    72  port.o(i.prvTaskExitError)
    i.prvTaskIsTaskSuspended                 0x080035d8   Section        0  tasks.o(i.prvTaskIsTaskSuspended)
    prvTaskIsTaskSuspended                   0x080035d9   Thumb Code    96  tasks.o(i.prvTaskIsTaskSuspended)
    i.prvUnlockQueue                         0x08003670   Section        0  queue.o(i.prvUnlockQueue)
    prvUnlockQueue                           0x08003671   Thumb Code   126  queue.o(i.prvUnlockQueue)
    i.pvPortMalloc                           0x080036f0   Section        0  heap_4.o(i.pvPortMalloc)
    i.pxPortInitialiseStack                  0x08003868   Section        0  port.o(i.pxPortInitialiseStack)
    i.uxListRemove                           0x08003894   Section        0  list.o(i.uxListRemove)
    i.vListInitialise                        0x080038bc   Section        0  list.o(i.vListInitialise)
    i.vListInitialiseItem                    0x080038d6   Section        0  list.o(i.vListInitialiseItem)
    i.vListInsert                            0x080038dc   Section        0  list.o(i.vListInsert)
    i.vListInsertEnd                         0x08003910   Section        0  list.o(i.vListInsertEnd)
    i.vPortEnterCritical                     0x08003928   Section        0  port.o(i.vPortEnterCritical)
    i.vPortExitCritical                      0x080039bc   Section        0  port.o(i.vPortExitCritical)
    i.vPortFree                              0x08003a38   Section        0  heap_4.o(i.vPortFree)
    i.vPortSetupTimerInterrupt               0x08003b10   Section        0  port.o(i.vPortSetupTimerInterrupt)
    i.vTaskDelay                             0x08003b38   Section        0  tasks.o(i.vTaskDelay)
    i.vTaskInternalSetTimeOutState           0x08003bd4   Section        0  tasks.o(i.vTaskInternalSetTimeOutState)
    i.vTaskMissedYield                       0x08003bec   Section        0  tasks.o(i.vTaskMissedYield)
    i.vTaskPlaceOnEventList                  0x08003bf8   Section        0  tasks.o(i.vTaskPlaceOnEventList)
    i.vTaskResume                            0x08003c70   Section        0  tasks.o(i.vTaskResume)
    i.vTaskStartScheduler                    0x08003d74   Section        0  tasks.o(i.vTaskStartScheduler)
    i.vTaskSuspend                           0x08003e44   Section        0  tasks.o(i.vTaskSuspend)
    i.vTaskSuspendAll                        0x08003f84   Section        0  tasks.o(i.vTaskSuspendAll)
    i.vTaskSwitchContext                     0x08003f94   Section        0  tasks.o(i.vTaskSwitchContext)
    i.xPortStartScheduler                    0x08004060   Section        0  port.o(i.xPortStartScheduler)
    i.xQueueGenericCreate                    0x08004230   Section        0  queue.o(i.xQueueGenericCreate)
    i.xQueueGenericReset                     0x080042d4   Section        0  queue.o(i.xQueueGenericReset)
    i.xQueueGenericSend                      0x080043fc   Section        0  queue.o(i.xQueueGenericSend)
    i.xQueueReceive                          0x080045d8   Section        0  queue.o(i.xQueueReceive)
    i.xTaskCheckForTimeOut                   0x08004764   Section        0  tasks.o(i.xTaskCheckForTimeOut)
    i.xTaskCreate                            0x08004840   Section        0  tasks.o(i.xTaskCreate)
    i.xTaskIncrementTick                     0x080048a8   Section        0  tasks.o(i.xTaskIncrementTick)
    i.xTaskPriorityDisinherit                0x08004aa4   Section        0  tasks.o(i.xTaskPriorityDisinherit)
    i.xTaskRemoveFromEventList               0x08004be0   Section        0  tasks.o(i.xTaskRemoveFromEventList)
    i.xTaskResumeAll                         0x08004d40   Section        0  tasks.o(i.xTaskResumeAll)
    .constdata                               0x08004ef4   Section     2072  oled.o(.constdata)
    .constdata                               0x0800570c   Section       23  heap_4.o(.constdata)
    __FUNCTION__                             0x0800570c   Data          13  heap_4.o(.constdata)
    __FUNCTION__                             0x08005719   Data          10  heap_4.o(.constdata)
    .constdata                               0x08005723   Section      123  port.o(.constdata)
    __FUNCTION__                             0x08005723   Data          17  port.o(.constdata)
    __FUNCTION__                             0x08005734   Data          20  port.o(.constdata)
    __FUNCTION__                             0x08005748   Data          18  port.o(.constdata)
    __FUNCTION__                             0x0800575a   Data          19  port.o(.constdata)
    __FUNCTION__                             0x0800576d   Data          18  port.o(.constdata)
    __FUNCTION__                             0x0800577f   Data          31  port.o(.constdata)
    .constdata                               0x0800579e   Section      461  queue.o(.constdata)
    __FUNCTION__                             0x0800579e   Data          19  queue.o(.constdata)
    __FUNCTION__                             0x080057b1   Data          20  queue.o(.constdata)
    __FUNCTION__                             0x080057c5   Data          25  queue.o(.constdata)
    __FUNCTION__                             0x080057de   Data          25  queue.o(.constdata)
    __FUNCTION__                             0x080057f7   Data          30  queue.o(.constdata)
    __FUNCTION__                             0x08005815   Data          18  queue.o(.constdata)
    __FUNCTION__                             0x08005827   Data          25  queue.o(.constdata)
    __FUNCTION__                             0x08005840   Data          18  queue.o(.constdata)
    __FUNCTION__                             0x08005852   Data          14  queue.o(.constdata)
    __FUNCTION__                             0x08005860   Data          20  queue.o(.constdata)
    __FUNCTION__                             0x08005874   Data          11  queue.o(.constdata)
    __FUNCTION__                             0x0800587f   Data          21  queue.o(.constdata)
    __FUNCTION__                             0x08005894   Data          18  queue.o(.constdata)
    __FUNCTION__                             0x080058a6   Data          23  queue.o(.constdata)
    __FUNCTION__                             0x080058bd   Data          23  queue.o(.constdata)
    __FUNCTION__                             0x080058d4   Data          30  queue.o(.constdata)
    __FUNCTION__                             0x080058f2   Data          13  queue.o(.constdata)
    __FUNCTION__                             0x080058ff   Data          26  queue.o(.constdata)
    __FUNCTION__                             0x08005919   Data          25  queue.o(.constdata)
    __FUNCTION__                             0x08005932   Data          20  queue.o(.constdata)
    __FUNCTION__                             0x08005946   Data          15  queue.o(.constdata)
    __FUNCTION__                             0x08005955   Data          22  queue.o(.constdata)
    .constdata                               0x0800596b   Section      628  tasks.o(.constdata)
    __FUNCTION__                             0x0800596b   Data          21  tasks.o(.constdata)
    __FUNCTION__                             0x08005980   Data          12  tasks.o(.constdata)
    __FUNCTION__                             0x0800598c   Data          16  tasks.o(.constdata)
    __FUNCTION__                             0x0800599c   Data          11  tasks.o(.constdata)
    __FUNCTION__                             0x080059a7   Data          14  tasks.o(.constdata)
    __FUNCTION__                             0x080059b5   Data          17  tasks.o(.constdata)
    __FUNCTION__                             0x080059c6   Data          13  tasks.o(.constdata)
    __FUNCTION__                             0x080059d3   Data          23  tasks.o(.constdata)
    __FUNCTION__                             0x080059ea   Data          12  tasks.o(.constdata)
    __FUNCTION__                             0x080059f6   Data          19  tasks.o(.constdata)
    __FUNCTION__                             0x08005a09   Data          20  tasks.o(.constdata)
    __FUNCTION__                             0x08005a1d   Data          15  tasks.o(.constdata)
    __FUNCTION__                             0x08005a2c   Data          14  tasks.o(.constdata)
    __FUNCTION__                             0x08005a3a   Data          18  tasks.o(.constdata)
    __FUNCTION__                             0x08005a4c   Data          19  tasks.o(.constdata)
    __FUNCTION__                             0x08005a5f   Data          19  tasks.o(.constdata)
    __FUNCTION__                             0x08005a72   Data          22  tasks.o(.constdata)
    __FUNCTION__                             0x08005a88   Data          31  tasks.o(.constdata)
    __FUNCTION__                             0x08005aa7   Data          25  tasks.o(.constdata)
    __FUNCTION__                             0x08005ac0   Data          34  tasks.o(.constdata)
    __FUNCTION__                             0x08005ae2   Data          21  tasks.o(.constdata)
    __FUNCTION__                             0x08005af7   Data          21  tasks.o(.constdata)
    __FUNCTION__                             0x08005b0c   Data          24  tasks.o(.constdata)
    __FUNCTION__                             0x08005b24   Data          36  tasks.o(.constdata)
    __FUNCTION__                             0x08005b48   Data          24  tasks.o(.constdata)
    __FUNCTION__                             0x08005b60   Data          23  tasks.o(.constdata)
    __FUNCTION__                             0x08005b77   Data          19  tasks.o(.constdata)
    __FUNCTION__                             0x08005b8a   Data          26  tasks.o(.constdata)
    __FUNCTION__                             0x08005ba4   Data          30  tasks.o(.constdata)
    __FUNCTION__                             0x08005bc2   Data          29  tasks.o(.constdata)
    .data                                    0x10000000   Section       50  main.o(.data)
    .data                                    0x10000034   Section        9  uart.o(.data)
    .data                                    0x10000040   Section       20  system_stm32f4xx.o(.data)
    .data                                    0x10000054   Section       16  stm32f4xx_rcc.o(.data)
    APBAHBPrescTable                         0x10000054   Data          16  stm32f4xx_rcc.o(.data)
    .data                                    0x10000064   Section       28  heap_4.o(.data)
    xStart                                   0x10000064   Data           8  heap_4.o(.data)
    pxEnd                                    0x1000006c   Data           4  heap_4.o(.data)
    xFreeBytesRemaining                      0x10000070   Data           4  heap_4.o(.data)
    xMinimumEverFreeBytesRemaining           0x10000074   Data           4  heap_4.o(.data)
    xNumberOfSuccessfulAllocations           0x10000078   Data           4  heap_4.o(.data)
    xNumberOfSuccessfulFrees                 0x1000007c   Data           4  heap_4.o(.data)
    .data                                    0x10000080   Section       12  port.o(.data)
    uxCriticalNesting                        0x10000080   Data           4  port.o(.data)
    ucMaxSysCallPriority                     0x10000084   Data           1  port.o(.data)
    ulMaxPRIGROUPValue                       0x10000088   Data           4  port.o(.data)
    .data                                    0x1000008c   Section       64  tasks.o(.data)
    pxDelayedTaskList                        0x10000090   Data           4  tasks.o(.data)
    pxOverflowDelayedTaskList                0x10000094   Data           4  tasks.o(.data)
    uxDeletedTasksWaitingCleanUp             0x10000098   Data           4  tasks.o(.data)
    uxCurrentNumberOfTasks                   0x1000009c   Data           4  tasks.o(.data)
    xTickCount                               0x100000a0   Data           4  tasks.o(.data)
    uxTopReadyPriority                       0x100000a4   Data           4  tasks.o(.data)
    xSchedulerRunning                        0x100000a8   Data           4  tasks.o(.data)
    xPendedTicks                             0x100000ac   Data           4  tasks.o(.data)
    xYieldPending                            0x100000b0   Data           4  tasks.o(.data)
    xNumOfOverflows                          0x100000b4   Data           4  tasks.o(.data)
    uxTaskNumber                             0x100000b8   Data           4  tasks.o(.data)
    xNextTaskUnblockTime                     0x100000bc   Data           4  tasks.o(.data)
    xIdleTaskHandle                          0x100000c0   Data           4  tasks.o(.data)
    uxSchedulerSuspended                     0x100000c8   Data           4  tasks.o(.data)
    .data                                    0x100000cc   Section        4  stdout.o(.data)
    .bss                                     0x100000d0   Section     1024  uart.o(.bss)
    .bss                                     0x100004d0   Section       10  adc.o(.bss)
    .bss                                     0x100004dc   Section      740  tasks.o(.bss)
    pxReadyTasksLists                        0x100004dc   Data         640  tasks.o(.bss)
    xDelayedTaskList1                        0x1000075c   Data          20  tasks.o(.bss)
    xDelayedTaskList2                        0x10000770   Data          20  tasks.o(.bss)
    xPendingReadyList                        0x10000784   Data          20  tasks.o(.bss)
    xTasksWaitingTermination                 0x10000798   Data          20  tasks.o(.bss)
    xSuspendedTaskList                       0x100007ac   Data          20  tasks.o(.bss)
    STACK                                    0x100007c0   Section     1024  startup_stm32f40_41xxx.o(STACK)
    .bss                                     0x20000000   Section    76800  heap_4.o(.bss)
    ucHeap                                   0x20000000   Data       76800  heap_4.o(.bss)

    Global Symbols

    Symbol Name                              Value     Ov Type        Size  Object(Section)

    BuildAttributes$$THM_ISAv4$E$P$D$K$B$S$7EM$VFPi3$EXTD16$VFPS$VFMA$PE$A:L22UL41UL21$X:L11$S22US41US21$IEEE1$IW$USESV6$~STKCKD$USESV7$~SHL$OTIME$ROPI$EBA8$MICROLIB$REQ8$PRES8$EABIv2 0x00000000   Number         0  anon$$obj.o ABSOLUTE
    __ARM_use_no_argv                        0x00000000   Number         0  main.o ABSOLUTE
    _printf_a                                0x00000000   Number         0  stubs.o ABSOLUTE
    _printf_c                                0x00000000   Number         0  stubs.o ABSOLUTE
    _printf_charcount                        0x00000000   Number         0  stubs.o ABSOLUTE
    _printf_d                                0x00000000   Number         0  stubs.o ABSOLUTE
    _printf_e                                0x00000000   Number         0  stubs.o ABSOLUTE
    _printf_f                                0x00000000   Number         0  stubs.o ABSOLUTE
    _printf_flags                            0x00000000   Number         0  stubs.o ABSOLUTE
    _printf_fp_dec                           0x00000000   Number         0  stubs.o ABSOLUTE
    _printf_fp_hex                           0x00000000   Number         0  stubs.o ABSOLUTE
    _printf_g                                0x00000000   Number         0  stubs.o ABSOLUTE
    _printf_i                                0x00000000   Number         0  stubs.o ABSOLUTE
    _printf_int_dec                          0x00000000   Number         0  stubs.o ABSOLUTE
    _printf_l                                0x00000000   Number         0  stubs.o ABSOLUTE
    _printf_lc                               0x00000000   Number         0  stubs.o ABSOLUTE
    _printf_ll                               0x00000000   Number         0  stubs.o ABSOLUTE
    _printf_lld                              0x00000000   Number         0  stubs.o ABSOLUTE
    _printf_lli                              0x00000000   Number         0  stubs.o ABSOLUTE
    _printf_llo                              0x00000000   Number         0  stubs.o ABSOLUTE
    _printf_llu                              0x00000000   Number         0  stubs.o ABSOLUTE
    _printf_llx                              0x00000000   Number         0  stubs.o ABSOLUTE
    _printf_longlong_dec                     0x00000000   Number         0  stubs.o ABSOLUTE
    _printf_longlong_hex                     0x00000000   Number         0  stubs.o ABSOLUTE
    _printf_longlong_oct                     0x00000000   Number         0  stubs.o ABSOLUTE
    _printf_ls                               0x00000000   Number         0  stubs.o ABSOLUTE
    _printf_mbtowc                           0x00000000   Number         0  stubs.o ABSOLUTE
    _printf_n                                0x00000000   Number         0  stubs.o ABSOLUTE
    _printf_o                                0x00000000   Number         0  stubs.o ABSOLUTE
    _printf_p                                0x00000000   Number         0  stubs.o ABSOLUTE
    _printf_percent                          0x00000000   Number         0  stubs.o ABSOLUTE
    _printf_pre_padding                      0x00000000   Number         0  stubs.o ABSOLUTE
    _printf_return_value                     0x00000000   Number         0  stubs.o ABSOLUTE
    _printf_s                                0x00000000   Number         0  stubs.o ABSOLUTE
    _printf_sizespec                         0x00000000   Number         0  stubs.o ABSOLUTE
    _printf_str                              0x00000000   Number         0  stubs.o ABSOLUTE
    _printf_truncate_signed                  0x00000000   Number         0  stubs.o ABSOLUTE
    _printf_truncate_unsigned                0x00000000   Number         0  stubs.o ABSOLUTE
    _printf_u                                0x00000000   Number         0  stubs.o ABSOLUTE
    _printf_wc                               0x00000000   Number         0  stubs.o ABSOLUTE
    _printf_wctomb                           0x00000000   Number         0  stubs.o ABSOLUTE
    _printf_widthprec                        0x00000000   Number         0  stubs.o ABSOLUTE
    _printf_x                                0x00000000   Number         0  stubs.o ABSOLUTE
    __cpp_initialize__aeabi_                  - Undefined Weak Reference
    __cxa_finalize                            - Undefined Weak Reference
    __decompress                              - Undefined Weak Reference
    _clock_init                               - Undefined Weak Reference
    _microlib_exit                            - Undefined Weak Reference
    __Vectors_Size                           0x00000188   Number         0  startup_stm32f40_41xxx.o ABSOLUTE
    __Vectors                                0x08000000   Data           4  startup_stm32f40_41xxx.o(RESET)
    __Vectors_End                            0x08000188   Data           0  startup_stm32f40_41xxx.o(RESET)
    __main                                   0x08000189   Thumb Code     0  entry.o(.ARM.Collect$$$$00000000)
    _main_stk                                0x08000189   Thumb Code     0  entry2.o(.ARM.Collect$$$$00000001)
    _main_scatterload                        0x0800018d   Thumb Code     0  entry5.o(.ARM.Collect$$$$00000004)
    __main_after_scatterload                 0x08000191   Thumb Code     0  entry5.o(.ARM.Collect$$$$00000004)
    _main_clock                              0x08000191   Thumb Code     0  entry7b.o(.ARM.Collect$$$$00000008)
    _main_cpp_init                           0x08000191   Thumb Code     0  entry8b.o(.ARM.Collect$$$$0000000A)
    _main_init                               0x08000191   Thumb Code     0  entry9a.o(.ARM.Collect$$$$0000000B)
    __rt_final_cpp                           0x08000199   Thumb Code     0  entry10a.o(.ARM.Collect$$$$0000000D)
    __rt_final_exit                          0x08000199   Thumb Code     0  entry11a.o(.ARM.Collect$$$$0000000F)
    SVC_Handler                              0x0800019d   Thumb Code    28  port.o(.emb_text)
    __asm___6_port_c_39a90d8d__prvStartFirstTask 0x080001bd   Thumb Code    36  port.o(.emb_text)
    __asm___6_port_c_39a90d8d__prvEnableVFP  0x080001e5   Thumb Code    16  port.o(.emb_text)
    PendSV_Handler                           0x080001f9   Thumb Code    88  port.o(.emb_text)
    vPortGetIPSR                             0x08000255   Thumb Code     6  port.o(.emb_text)
    Reset_Handler                            0x0800025d   Thumb Code     8  startup_stm32f40_41xxx.o(.text)
    NMI_Handler                              0x08000265   Thumb Code     2  startup_stm32f40_41xxx.o(.text)
    HardFault_Handler                        0x08000267   Thumb Code     2  startup_stm32f40_41xxx.o(.text)
    MemManage_Handler                        0x08000269   Thumb Code     2  startup_stm32f40_41xxx.o(.text)
    BusFault_Handler                         0x0800026b   Thumb Code     2  startup_stm32f40_41xxx.o(.text)
    UsageFault_Handler                       0x0800026d   Thumb Code     2  startup_stm32f40_41xxx.o(.text)
    DebugMon_Handler                         0x08000271   Thumb Code     2  startup_stm32f40_41xxx.o(.text)
    ADC_IRQHandler                           0x08000277   Thumb Code     0  startup_stm32f40_41xxx.o(.text)
    CAN1_RX0_IRQHandler                      0x08000277   Thumb Code     0  startup_stm32f40_41xxx.o(.text)
    CAN1_RX1_IRQHandler                      0x08000277   Thumb Code     0  startup_stm32f40_41xxx.o(.text)
    CAN1_SCE_IRQHandler                      0x08000277   Thumb Code     0  startup_stm32f40_41xxx.o(.text)
    CAN1_TX_IRQHandler                       0x08000277   Thumb Code     0  startup_stm32f40_41xxx.o(.text)
    CAN2_RX0_IRQHandler                      0x08000277   Thumb Code     0  startup_stm32f40_41xxx.o(.text)
    CAN2_RX1_IRQHandler                      0x08000277   Thumb Code     0  startup_stm32f40_41xxx.o(.text)
    CAN2_SCE_IRQHandler                      0x08000277   Thumb Code     0  startup_stm32f40_41xxx.o(.text)
    CAN2_TX_IRQHandler                       0x08000277   Thumb Code     0  startup_stm32f40_41xxx.o(.text)
    CRYP_IRQHandler                          0x08000277   Thumb Code     0  startup_stm32f40_41xxx.o(.text)
    DCMI_IRQHandler                          0x08000277   Thumb Code     0  startup_stm32f40_41xxx.o(.text)
    DMA1_Stream0_IRQHandler                  0x08000277   Thumb Code     0  startup_stm32f40_41xxx.o(.text)
    DMA1_Stream1_IRQHandler                  0x08000277   Thumb Code     0  startup_stm32f40_41xxx.o(.text)
    DMA1_Stream2_IRQHandler                  0x08000277   Thumb Code     0  startup_stm32f40_41xxx.o(.text)
    DMA1_Stream3_IRQHandler                  0x08000277   Thumb Code     0  startup_stm32f40_41xxx.o(.text)
    DMA1_Stream4_IRQHandler                  0x08000277   Thumb Code     0  startup_stm32f40_41xxx.o(.text)
    DMA1_Stream5_IRQHandler                  0x08000277   Thumb Code     0  startup_stm32f40_41xxx.o(.text)
    DMA1_Stream6_IRQHandler                  0x08000277   Thumb Code     0  startup_stm32f40_41xxx.o(.text)
    DMA1_Stream7_IRQHandler                  0x08000277   Thumb Code     0  startup_stm32f40_41xxx.o(.text)
    DMA2_Stream0_IRQHandler                  0x08000277   Thumb Code     0  startup_stm32f40_41xxx.o(.text)
    DMA2_Stream1_IRQHandler                  0x08000277   Thumb Code     0  startup_stm32f40_41xxx.o(.text)
    DMA2_Stream2_IRQHandler                  0x08000277   Thumb Code     0  startup_stm32f40_41xxx.o(.text)
    DMA2_Stream3_IRQHandler                  0x08000277   Thumb Code     0  startup_stm32f40_41xxx.o(.text)
    DMA2_Stream4_IRQHandler                  0x08000277   Thumb Code     0  startup_stm32f40_41xxx.o(.text)
    DMA2_Stream5_IRQHandler                  0x08000277   Thumb Code     0  startup_stm32f40_41xxx.o(.text)
    DMA2_Stream6_IRQHandler                  0x08000277   Thumb Code     0  startup_stm32f40_41xxx.o(.text)
    DMA2_Stream7_IRQHandler                  0x08000277   Thumb Code     0  startup_stm32f40_41xxx.o(.text)
    ETH_IRQHandler                           0x08000277   Thumb Code     0  startup_stm32f40_41xxx.o(.text)
    ETH_WKUP_IRQHandler                      0x08000277   Thumb Code     0  startup_stm32f40_41xxx.o(.text)
    EXTI15_10_IRQHandler                     0x08000277   Thumb Code     0  startup_stm32f40_41xxx.o(.text)
    EXTI1_IRQHandler                         0x08000277   Thumb Code     0  startup_stm32f40_41xxx.o(.text)
    EXTI2_IRQHandler                         0x08000277   Thumb Code     0  startup_stm32f40_41xxx.o(.text)
    EXTI3_IRQHandler                         0x08000277   Thumb Code     0  startup_stm32f40_41xxx.o(.text)
    EXTI4_IRQHandler                         0x08000277   Thumb Code     0  startup_stm32f40_41xxx.o(.text)
    EXTI9_5_IRQHandler                       0x08000277   Thumb Code     0  startup_stm32f40_41xxx.o(.text)
    FLASH_IRQHandler                         0x08000277   Thumb Code     0  startup_stm32f40_41xxx.o(.text)
    FPU_IRQHandler                           0x08000277   Thumb Code     0  startup_stm32f40_41xxx.o(.text)
    FSMC_IRQHandler                          0x08000277   Thumb Code     0  startup_stm32f40_41xxx.o(.text)
    HASH_RNG_IRQHandler                      0x08000277   Thumb Code     0  startup_stm32f40_41xxx.o(.text)
    I2C1_ER_IRQHandler                       0x08000277   Thumb Code     0  startup_stm32f40_41xxx.o(.text)
    I2C1_EV_IRQHandler                       0x08000277   Thumb Code     0  startup_stm32f40_41xxx.o(.text)
    I2C2_ER_IRQHandler                       0x08000277   Thumb Code     0  startup_stm32f40_41xxx.o(.text)
    I2C2_EV_IRQHandler                       0x08000277   Thumb Code     0  startup_stm32f40_41xxx.o(.text)
    I2C3_ER_IRQHandler                       0x08000277   Thumb Code     0  startup_stm32f40_41xxx.o(.text)
    I2C3_EV_IRQHandler                       0x08000277   Thumb Code     0  startup_stm32f40_41xxx.o(.text)
    OTG_FS_IRQHandler                        0x08000277   Thumb Code     0  startup_stm32f40_41xxx.o(.text)
    OTG_FS_WKUP_IRQHandler                   0x08000277   Thumb Code     0  startup_stm32f40_41xxx.o(.text)
    OTG_HS_EP1_IN_IRQHandler                 0x08000277   Thumb Code     0  startup_stm32f40_41xxx.o(.text)
    OTG_HS_EP1_OUT_IRQHandler                0x08000277   Thumb Code     0  startup_stm32f40_41xxx.o(.text)
    OTG_HS_IRQHandler                        0x08000277   Thumb Code     0  startup_stm32f40_41xxx.o(.text)
    OTG_HS_WKUP_IRQHandler                   0x08000277   Thumb Code     0  startup_stm32f40_41xxx.o(.text)
    PVD_IRQHandler                           0x08000277   Thumb Code     0  startup_stm32f40_41xxx.o(.text)
    RCC_IRQHandler                           0x08000277   Thumb Code     0  startup_stm32f40_41xxx.o(.text)
    SDIO_IRQHandler                          0x08000277   Thumb Code     0  startup_stm32f40_41xxx.o(.text)
    SPI1_IRQHandler                          0x08000277   Thumb Code     0  startup_stm32f40_41xxx.o(.text)
    SPI2_IRQHandler                          0x08000277   Thumb Code     0  startup_stm32f40_41xxx.o(.text)
    SPI3_IRQHandler                          0x08000277   Thumb Code     0  startup_stm32f40_41xxx.o(.text)
    TAMP_STAMP_IRQHandler                    0x08000277   Thumb Code     0  startup_stm32f40_41xxx.o(.text)
    TIM1_BRK_TIM9_IRQHandler                 0x08000277   Thumb Code     0  startup_stm32f40_41xxx.o(.text)
    TIM1_CC_IRQHandler                       0x08000277   Thumb Code     0  startup_stm32f40_41xxx.o(.text)
    TIM1_TRG_COM_TIM11_IRQHandler            0x08000277   Thumb Code     0  startup_stm32f40_41xxx.o(.text)
    TIM1_UP_TIM10_IRQHandler                 0x08000277   Thumb Code     0  startup_stm32f40_41xxx.o(.text)
    TIM7_IRQHandler                          0x08000277   Thumb Code     0  startup_stm32f40_41xxx.o(.text)
    TIM8_BRK_TIM12_IRQHandler                0x08000277   Thumb Code     0  startup_stm32f40_41xxx.o(.text)
    TIM8_CC_IRQHandler                       0x08000277   Thumb Code     0  startup_stm32f40_41xxx.o(.text)
    TIM8_TRG_COM_TIM14_IRQHandler            0x08000277   Thumb Code     0  startup_stm32f40_41xxx.o(.text)
    TIM8_UP_TIM13_IRQHandler                 0x08000277   Thumb Code     0  startup_stm32f40_41xxx.o(.text)
    UART4_IRQHandler                         0x08000277   Thumb Code     0  startup_stm32f40_41xxx.o(.text)
    UART5_IRQHandler                         0x08000277   Thumb Code     0  startup_stm32f40_41xxx.o(.text)
    USART2_IRQHandler                        0x08000277   Thumb Code     0  startup_stm32f40_41xxx.o(.text)
    USART6_IRQHandler                        0x08000277   Thumb Code     0  startup_stm32f40_41xxx.o(.text)
    WWDG_IRQHandler                          0x08000277   Thumb Code     0  startup_stm32f40_41xxx.o(.text)
    __aeabi_memcpy                           0x08000281   Thumb Code    36  memcpya.o(.text)
    __aeabi_memcpy4                          0x08000281   Thumb Code     0  memcpya.o(.text)
    __aeabi_memcpy8                          0x08000281   Thumb Code     0  memcpya.o(.text)
    __aeabi_memset                           0x080002a5   Thumb Code    14  memseta.o(.text)
    __aeabi_memset4                          0x080002a5   Thumb Code     0  memseta.o(.text)
    __aeabi_memset8                          0x080002a5   Thumb Code     0  memseta.o(.text)
    __aeabi_memclr                           0x080002b3   Thumb Code     4  memseta.o(.text)
    __aeabi_memclr4                          0x080002b3   Thumb Code     0  memseta.o(.text)
    __aeabi_memclr8                          0x080002b3   Thumb Code     0  memseta.o(.text)
    _memset$wrapper                          0x080002b7   Thumb Code    18  memseta.o(.text)
    strlen                                   0x080002c9   Thumb Code    14  strlen.o(.text)
    strcmp                                   0x080002d7   Thumb Code    28  strcmp.o(.text)
    __aeabi_dadd                             0x080002f3   Thumb Code   322  dadd.o(.text)
    __aeabi_dsub                             0x08000435   Thumb Code     6  dadd.o(.text)
    __aeabi_drsub                            0x0800043b   Thumb Code     6  dadd.o(.text)
    __aeabi_dmul                             0x08000441   Thumb Code   228  dmul.o(.text)
    __aeabi_ui2d                             0x08000525   Thumb Code    26  dfltui.o(.text)
    __aeabi_f2d                              0x0800053f   Thumb Code    38  f2d.o(.text)
    __aeabi_d2f                              0x08000565   Thumb Code    56  d2f.o(.text)
    __aeabi_uidiv                            0x0800059d   Thumb Code     0  uidiv.o(.text)
    __aeabi_uidivmod                         0x0800059d   Thumb Code    44  uidiv.o(.text)
    __aeabi_uldivmod                         0x080005c9   Thumb Code    98  uldiv.o(.text)
    __aeabi_llsl                             0x0800062b   Thumb Code    30  llshl.o(.text)
    _ll_shift_l                              0x0800062b   Thumb Code     0  llshl.o(.text)
    __aeabi_lasr                             0x08000649   Thumb Code    36  llsshr.o(.text)
    _ll_sshift_r                             0x08000649   Thumb Code     0  llsshr.o(.text)
    __I$use$fp                               0x0800066d   Thumb Code     0  iusefp.o(.text)
    _float_round                             0x0800066d   Thumb Code    18  fepilogue.o(.text)
    _float_epilogue                          0x0800067f   Thumb Code    92  fepilogue.o(.text)
    _double_round                            0x080006db   Thumb Code    30  depilogue.o(.text)
    _double_epilogue                         0x080006f9   Thumb Code   156  depilogue.o(.text)
    __aeabi_ddiv                             0x08000795   Thumb Code   222  ddiv.o(.text)
    __aeabi_d2ulz                            0x08000873   Thumb Code    48  dfixul.o(.text)
    __aeabi_cdrcmple                         0x080008a5   Thumb Code    48  cdrcmple.o(.text)
    __scatterload                            0x080008d5   Thumb Code    28  init.o(.text)
    __scatterload_rt2                        0x080008d5   Thumb Code     0  init.o(.text)
    __aeabi_llsr                             0x080008f9   Thumb Code    32  llushr.o(.text)
    _ll_ushift_r                             0x080008f9   Thumb Code     0  llushr.o(.text)
    ADC1_Config                              0x08000919   Thumb Code   274  adc.o(i.ADC1_Config)
    ADC3_Config                              0x08000a3d   Thumb Code   182  adc.o(i.ADC3_Config)
    ADC_Cmd                                  0x08000afd   Thumb Code    22  stm32f4xx_adc.o(i.ADC_Cmd)
    ADC_CommonInit                           0x08000b15   Thumb Code    34  stm32f4xx_adc.o(i.ADC_CommonInit)
    ADC_DMACmd                               0x08000b45   Thumb Code    22  stm32f4xx_adc.o(i.ADC_DMACmd)
    ADC_DMARequestAfterLastTransferCmd       0x08000b5b   Thumb Code    22  stm32f4xx_adc.o(i.ADC_DMARequestAfterLastTransferCmd)
    ADC_Init                                 0x08000b71   Thumb Code    74  stm32f4xx_adc.o(i.ADC_Init)
    ADC_RegularChannelConfig                 0x08000bc5   Thumb Code   184  stm32f4xx_adc.o(i.ADC_RegularChannelConfig)
    ADC_SoftwareStartConv                    0x08000c7d   Thumb Code    10  stm32f4xx_adc.o(i.ADC_SoftwareStartConv)
    BEEP_Config                              0x08000c89   Thumb Code    46  beep.o(i.BEEP_Config)
    Beep_Clock                               0x08000cbd   Thumb Code   198  main.o(i.Beep_Clock)
    BlueTooth_Ctrl                           0x08000db9   Thumb Code   172  main.o(i.BlueTooth_Ctrl)
    DHT11_Check                              0x08000e85   Thumb Code    76  dht11.o(i.DHT11_Check)
    DHT11_Read_Bit                           0x08000ed5   Thumb Code    70  dht11.o(i.DHT11_Read_Bit)
    DHT11_Read_Byte                          0x08000f21   Thumb Code    30  dht11.o(i.DHT11_Read_Byte)
    DHT11_Read_Data                          0x08000f3f   Thumb Code   110  dht11.o(i.DHT11_Read_Data)
    DHT11_Rst                                0x08000fad   Thumb Code    36  dht11.o(i.DHT11_Rst)
    DMA_Cmd                                  0x08000fd9   Thumb Code    22  stm32f4xx_dma.o(i.DMA_Cmd)
    DMA_Init                                 0x08000ff1   Thumb Code    82  stm32f4xx_dma.o(i.DMA_Init)
    EXTI0_IRQHandler                         0x08001049   Thumb Code    18  key.o(i.EXTI0_IRQHandler)
    EXTI_ClearITPendingBit                   0x08001061   Thumb Code     6  stm32f4xx_exti.o(i.EXTI_ClearITPendingBit)
    GPIO_Init                                0x0800106d   Thumb Code   144  stm32f4xx_gpio.o(i.GPIO_Init)
    GPIO_PinAFConfig                         0x080010fd   Thumb Code    70  stm32f4xx_gpio.o(i.GPIO_PinAFConfig)
    GPIO_ToggleBits                          0x08001143   Thumb Code     8  stm32f4xx_gpio.o(i.GPIO_ToggleBits)
    GPIO_WriteBit                            0x0800114b   Thumb Code    10  stm32f4xx_gpio.o(i.GPIO_WriteBit)
    KEY_Config                               0x08001155   Thumb Code    54  key.o(i.KEY_Config)
    LED_Config                               0x08001195   Thumb Code    92  led.o(i.LED_Config)
    NVIC_Init                                0x080011f9   Thumb Code   106  misc.o(i.NVIC_Init)
    NVIC_PriorityGroupConfig                 0x08001271   Thumb Code    10  misc.o(i.NVIC_PriorityGroupConfig)
    OLED_Clear                               0x08001285   Thumb Code    64  oled.o(i.OLED_Clear)
    OLED_Config                              0x080012c5   Thumb Code   300  oled.o(i.OLED_Config)
    OLED_Set_Pos                             0x080013f9   Thumb Code    44  oled.o(i.OLED_Set_Pos)
    OLED_ShowChar                            0x08001425   Thumb Code   160  oled.o(i.OLED_ShowChar)
    OLED_ShowString                          0x080014cd   Thumb Code    82  oled.o(i.OLED_ShowString)
    OLED_WR_Byte                             0x08001521   Thumb Code    50  oled.o(i.OLED_WR_Byte)
    Oled_show_clock                          0x0800155d   Thumb Code   152  main.o(i.Oled_show_clock)
    Oled_show_temp                           0x0800162d   Thumb Code   280  main.o(i.Oled_show_temp)
    Oled_show_time                           0x0800178d   Thumb Code    80  main.o(i.Oled_show_time)
    RCC_AHB1PeriphClockCmd                   0x080017dd   Thumb Code    26  stm32f4xx_rcc.o(i.RCC_AHB1PeriphClockCmd)
    RCC_APB2PeriphClockCmd                   0x080017fd   Thumb Code    26  stm32f4xx_rcc.o(i.RCC_APB2PeriphClockCmd)
    RCC_GetClocksFreq                        0x0800181d   Thumb Code   214  stm32f4xx_rcc.o(i.RCC_GetClocksFreq)
    RTC_Alarm_IRQHandler                     0x08001905   Thumb Code    36  rtc.o(i.RTC_Alarm_IRQHandler)
    RTC_ClearFlag                            0x0800194d   Thumb Code    24  stm32f4xx_rtc.o(i.RTC_ClearFlag)
    RTC_GetDate                              0x08001969   Thumb Code    68  stm32f4xx_rtc.o(i.RTC_GetDate)
    RTC_GetFlagStatus                        0x080019b5   Thumb Code    32  stm32f4xx_rtc.o(i.RTC_GetFlagStatus)
    RTC_GetTime                              0x080019dd   Thumb Code    72  stm32f4xx_rtc.o(i.RTC_GetTime)
    RTC_WKUP_IRQHandler                      0x08001a2d   Thumb Code    46  rtc.o(i.RTC_WKUP_IRQHandler)
    SPI0_ReadWriteByte                       0x08001a61   Thumb Code    60  spi.o(i.SPI0_ReadWriteByte)
    SPI_Config                               0x08001aa5   Thumb Code    96  spi.o(i.SPI_Config)
    SysTick_Handler                          0x08001c01   Thumb Code    46  port.o(i.SysTick_Handler)
    SystemInit                               0x08001c35   Thumb Code    88  system_stm32f4xx.o(i.SystemInit)
    TIM2_IRQHandler                          0x08001c9d   Thumb Code    32  tim.o(i.TIM2_IRQHandler)
    TIM3_IRQHandler                          0x08001cc1   Thumb Code    32  tim.o(i.TIM3_IRQHandler)
    TIM4_IRQHandler                          0x08001ce9   Thumb Code    32  tim.o(i.TIM4_IRQHandler)
    TIM5_IRQHandler                          0x08001d11   Thumb Code    32  tim.o(i.TIM5_IRQHandler)
    TIM6_DAC_IRQHandler                      0x08001d39   Thumb Code    32  tim.o(i.TIM6_DAC_IRQHandler)
    TIM_ClearITPendingBit                    0x08001d61   Thumb Code     6  stm32f4xx_tim.o(i.TIM_ClearITPendingBit)
    TIM_GetITStatus                          0x08001d67   Thumb Code    34  stm32f4xx_tim.o(i.TIM_GetITStatus)
    Task1_OLED                               0x08001d89   Thumb Code   296  main.o(i.Task1_OLED)
    Task2_KEY                                0x08001f05   Thumb Code   250  main.o(i.Task2_KEY)
    Turn_led                                 0x0800200d   Thumb Code   216  main.o(i.Turn_led)
    UART1_Config                             0x080020f9   Thumb Code   164  uart.o(i.UART1_Config)
    USART1_IRQHandler                        0x080021a5   Thumb Code    36  main.o(i.USART1_IRQHandler)
    USART3_IRQHandler                        0x080021d1   Thumb Code    36  uart.o(i.USART3_IRQHandler)
    USART_ClearITPendingBit                  0x08002201   Thumb Code    30  stm32f4xx_usart.o(i.USART_ClearITPendingBit)
    USART_Cmd                                0x0800221f   Thumb Code    24  stm32f4xx_usart.o(i.USART_Cmd)
    USART_GetITStatus                        0x08002237   Thumb Code    84  stm32f4xx_usart.o(i.USART_GetITStatus)
    USART_ITConfig                           0x0800228b   Thumb Code    74  stm32f4xx_usart.o(i.USART_ITConfig)
    USART_Init                               0x080022d5   Thumb Code   204  stm32f4xx_usart.o(i.USART_Init)
    USART_ReceiveData                        0x080023a9   Thumb Code    10  stm32f4xx_usart.o(i.USART_ReceiveData)
    __0printf                                0x080023b5   Thumb Code    22  printfa.o(i.__0printf)
    __1printf                                0x080023b5   Thumb Code     0  printfa.o(i.__0printf)
    __2printf                                0x080023b5   Thumb Code     0  printfa.o(i.__0printf)
    __c89printf                              0x080023b5   Thumb Code     0  printfa.o(i.__0printf)
    printf                                   0x080023b5   Thumb Code     0  printfa.o(i.__0printf)
    __0sprintf                               0x080023d5   Thumb Code    34  printfa.o(i.__0sprintf)
    __1sprintf                               0x080023d5   Thumb Code     0  printfa.o(i.__0sprintf)
    __2sprintf                               0x080023d5   Thumb Code     0  printfa.o(i.__0sprintf)
    __c89sprintf                             0x080023d5   Thumb Code     0  printfa.o(i.__0sprintf)
    sprintf                                  0x080023d5   Thumb Code     0  printfa.o(i.__0sprintf)
    __scatterload_copy                       0x08002435   Thumb Code    14  handlers.o(i.__scatterload_copy)
    __scatterload_null                       0x08002443   Thumb Code     2  handlers.o(i.__scatterload_null)
    __scatterload_zeroinit                   0x08002445   Thumb Code    14  handlers.o(i.__scatterload_zeroinit)
    delay_ms                                 0x08002d11   Thumb Code    12  delay.o(i.delay_ms)
    delay_us                                 0x08002d1d   Thumb Code    74  delay.o(i.delay_us)
    fputc                                    0x08002d71   Thumb Code    32  uart.o(i.fputc)
    main                                     0x08002d95   Thumb Code   226  main.o(i.main)
    oled_time                                0x08002f21   Thumb Code    84  main.o(i.oled_time)
    pvPortMalloc                             0x080036f1   Thumb Code   306  heap_4.o(i.pvPortMalloc)
    pxPortInitialiseStack                    0x08003869   Thumb Code    38  port.o(i.pxPortInitialiseStack)
    uxListRemove                             0x08003895   Thumb Code    40  list.o(i.uxListRemove)
    vListInitialise                          0x080038bd   Thumb Code    26  list.o(i.vListInitialise)
    vListInitialiseItem                      0x080038d7   Thumb Code     6  list.o(i.vListInitialiseItem)
    vListInsert                              0x080038dd   Thumb Code    52  list.o(i.vListInsert)
    vListInsertEnd                           0x08003911   Thumb Code    24  list.o(i.vListInsertEnd)
    vPortEnterCritical                       0x08003929   Thumb Code    92  port.o(i.vPortEnterCritical)
    vPortExitCritical                        0x080039bd   Thumb Code    72  port.o(i.vPortExitCritical)
    vPortFree                                0x08003a39   Thumb Code   160  heap_4.o(i.vPortFree)
    vPortSetupTimerInterrupt                 0x08003b11   Thumb Code    36  port.o(i.vPortSetupTimerInterrupt)
    vTaskDelay                               0x08003b39   Thumb Code    98  tasks.o(i.vTaskDelay)
    vTaskInternalSetTimeOutState             0x08003bd5   Thumb Code    14  tasks.o(i.vTaskInternalSetTimeOutState)
    vTaskMissedYield                         0x08003bed   Thumb Code     8  tasks.o(i.vTaskMissedYield)
    vTaskPlaceOnEventList                    0x08003bf9   Thumb Code    66  tasks.o(i.vTaskPlaceOnEventList)
    vTaskResume                              0x08003c71   Thumb Code   194  tasks.o(i.vTaskResume)
    vTaskStartScheduler                      0x08003d75   Thumb Code   126  tasks.o(i.vTaskStartScheduler)
    vTaskSuspend                             0x08003e45   Thumb Code   238  tasks.o(i.vTaskSuspend)
    vTaskSuspendAll                          0x08003f85   Thumb Code    12  tasks.o(i.vTaskSuspendAll)
    vTaskSwitchContext                       0x08003f95   Thumb Code   134  tasks.o(i.vTaskSwitchContext)
    xPortStartScheduler                      0x08004061   Thumb Code   386  port.o(i.xPortStartScheduler)
    xQueueGenericCreate                      0x08004231   Thumb Code   116  queue.o(i.xQueueGenericCreate)
    xQueueGenericReset                       0x080042d5   Thumb Code   242  queue.o(i.xQueueGenericReset)
    xQueueGenericSend                        0x080043fd   Thumb Code   422  queue.o(i.xQueueGenericSend)
    xQueueReceive                            0x080045d9   Thumb Code   344  queue.o(i.xQueueReceive)
    xTaskCheckForTimeOut                     0x08004765   Thumb Code   164  tasks.o(i.xTaskCheckForTimeOut)
    xTaskCreate                              0x08004841   Thumb Code   104  tasks.o(i.xTaskCreate)
    xTaskIncrementTick                       0x080048a9   Thumb Code   414  tasks.o(i.xTaskIncrementTick)
    xTaskPriorityDisinherit                  0x08004aa5   Thumb Code   254  tasks.o(i.xTaskPriorityDisinherit)
    xTaskRemoveFromEventList                 0x08004be1   Thumb Code   278  tasks.o(i.xTaskRemoveFromEventList)
    xTaskResumeAll                           0x08004d41   Thumb Code   352  tasks.o(i.xTaskResumeAll)
    F6x8                                     0x08004ef4   Data         552  oled.o(.constdata)
    F8X16                                    0x0800511c   Data        1520  oled.o(.constdata)
    Region$$Table$$Base                      0x08005be0   Number         0  anon$$obj.o(Region$$Table)
    Region$$Table$$Limit                     0x08005c10   Number         0  anon$$obj.o(Region$$Table)
    Task1OLEDTCB                             0x10000000   Data           4  main.o(.data)
    Task2KEYTCB                              0x10000004   Data           4  main.o(.data)
    TaskRTCTCB                               0x10000008   Data           4  main.o(.data)
    TaskDHT11TCB                             0x1000000c   Data           4  main.o(.data)
    TaskBeepCLOCKTCB                         0x10000010   Data           4  main.o(.data)
    TaskLedTCB                               0x10000014   Data           4  main.o(.data)
    TaskBlueToothTCB                         0x10000018   Data           4  main.o(.data)
    xQueue1                                  0x1000001c   Data           4  main.o(.data)
    QueueType                                0x10000020   Data           4  main.o(.data)
    hour                                     0x10000024   Data           4  main.o(.data)
    minute                                   0x10000028   Data           4  main.o(.data)
    second                                   0x1000002c   Data           4  main.o(.data)
    uart1_recv_data                          0x10000030   Data           2  main.o(.data)
    RxCount                                  0x10000034   Data           4  uart.o(.data)
    ESP8266_RxCount                          0x10000038   Data           4  uart.o(.data)
    ESP8266_RxFlags                          0x1000003c   Data           1  uart.o(.data)
    SystemCoreClock                          0x10000040   Data           4  system_stm32f4xx.o(.data)
    AHBPrescTable                            0x10000044   Data          16  system_stm32f4xx.o(.data)
    pxCurrentTCB                             0x1000008c   Data           4  tasks.o(.data)
    uxTopUsedPriority                        0x100000c4   Data           4  tasks.o(.data)
    __stdout                                 0x100000cc   Data           4  stdout.o(.data)
    RxBuff                                   0x100000d0   Data         512  uart.o(.bss)
    ESP8266_RxBuff                           0x100002d0   Data         512  uart.o(.bss)
    ADC1_Val                                 0x100004d0   Data          10  adc.o(.bss)
    __initial_sp                             0x10000bc0   Data           0  startup_stm32f40_41xxx.o(STACK)



==============================================================================

Memory Map of the image

  Image Entry point : 0x08000189

  Load Region LR_IROM1 (Base: 0x08000000, Size: 0x00005ce0, Max: 0x00080000, ABSOLUTE)

    Execution Region ER_IROM1 (Exec base: 0x08000000, Load base: 0x08000000, Size: 0x00005c10, Max: 0x00080000, ABSOLUTE)

    Exec Addr    Load Addr    Size         Type   Attr      Idx    E Section Name        Object

    0x08000000   0x08000000   0x00000188   Data   RO         1195    RESET               startup_stm32f40_41xxx.o
    0x08000188   0x08000188   0x00000000   Code   RO         4139  * .ARM.Collect$$$$00000000  mc_w.l(entry.o)
    0x08000188   0x08000188   0x00000004   Code   RO         4429    .ARM.Collect$$$$00000001  mc_w.l(entry2.o)
    0x0800018c   0x0800018c   0x00000004   Code   RO         4432    .ARM.Collect$$$$00000004  mc_w.l(entry5.o)
    0x08000190   0x08000190   0x00000000   Code   RO         4434    .ARM.Collect$$$$00000008  mc_w.l(entry7b.o)
    0x08000190   0x08000190   0x00000000   Code   RO         4436    .ARM.Collect$$$$0000000A  mc_w.l(entry8b.o)
    0x08000190   0x08000190   0x00000008   Code   RO         4437    .ARM.Collect$$$$0000000B  mc_w.l(entry9a.o)
    0x08000198   0x08000198   0x00000000   Code   RO         4439    .ARM.Collect$$$$0000000D  mc_w.l(entry10a.o)
    0x08000198   0x08000198   0x00000000   Code   RO         4441    .ARM.Collect$$$$0000000F  mc_w.l(entry11a.o)
    0x08000198   0x08000198   0x00000004   Code   RO         4430    .ARM.Collect$$$$00002712  mc_w.l(entry2.o)
    0x0800019c   0x0800019c   0x000000be   Code   RO         3471    .emb_text           port.o
    0x0800025a   0x0800025a   0x00000002   PAD
    0x0800025c   0x0800025c   0x00000024   Code   RO         1196    .text               startup_stm32f40_41xxx.o
    0x08000280   0x08000280   0x00000024   Code   RO         4142    .text               mc_w.l(memcpya.o)
    0x080002a4   0x080002a4   0x00000024   Code   RO         4144    .text               mc_w.l(memseta.o)
    0x080002c8   0x080002c8   0x0000000e   Code   RO         4150    .text               mc_w.l(strlen.o)
    0x080002d6   0x080002d6   0x0000001c   Code   RO         4152    .text               mc_w.l(strcmp.o)
    0x080002f2   0x080002f2   0x0000014e   Code   RO         4419    .text               mf_w.l(dadd.o)
    0x08000440   0x08000440   0x000000e4   Code   RO         4421    .text               mf_w.l(dmul.o)
    0x08000524   0x08000524   0x0000001a   Code   RO         4423    .text               mf_w.l(dfltui.o)
    0x0800053e   0x0800053e   0x00000026   Code   RO         4425    .text               mf_w.l(f2d.o)
    0x08000564   0x08000564   0x00000038   Code   RO         4427    .text               mf_w.l(d2f.o)
    0x0800059c   0x0800059c   0x0000002c   Code   RO         4444    .text               mc_w.l(uidiv.o)
    0x080005c8   0x080005c8   0x00000062   Code   RO         4446    .text               mc_w.l(uldiv.o)
    0x0800062a   0x0800062a   0x0000001e   Code   RO         4448    .text               mc_w.l(llshl.o)
    0x08000648   0x08000648   0x00000024   Code   RO         4450    .text               mc_w.l(llsshr.o)
    0x0800066c   0x0800066c   0x00000000   Code   RO         4452    .text               mc_w.l(iusefp.o)
    0x0800066c   0x0800066c   0x0000006e   Code   RO         4453    .text               mf_w.l(fepilogue.o)
    0x080006da   0x080006da   0x000000ba   Code   RO         4455    .text               mf_w.l(depilogue.o)
    0x08000794   0x08000794   0x000000de   Code   RO         4457    .text               mf_w.l(ddiv.o)
    0x08000872   0x08000872   0x00000030   Code   RO         4459    .text               mf_w.l(dfixul.o)
    0x080008a2   0x080008a2   0x00000002   PAD
    0x080008a4   0x080008a4   0x00000030   Code   RO         4461    .text               mf_w.l(cdrcmple.o)
    0x080008d4   0x080008d4   0x00000024   Code   RO         4463    .text               mc_w.l(init.o)
    0x080008f8   0x080008f8   0x00000020   Code   RO         4465    .text               mc_w.l(llushr.o)
    0x08000918   0x08000918   0x00000124   Code   RO          521    i.ADC1_Config       adc.o
    0x08000a3c   0x08000a3c   0x000000c0   Code   RO          522    i.ADC3_Config       adc.o
    0x08000afc   0x08000afc   0x00000016   Code   RO         2434    i.ADC_Cmd           stm32f4xx_adc.o
    0x08000b12   0x08000b12   0x00000002   PAD
    0x08000b14   0x08000b14   0x00000030   Code   RO         2435    i.ADC_CommonInit    stm32f4xx_adc.o
    0x08000b44   0x08000b44   0x00000016   Code   RO         2438    i.ADC_DMACmd        stm32f4xx_adc.o
    0x08000b5a   0x08000b5a   0x00000016   Code   RO         2439    i.ADC_DMARequestAfterLastTransferCmd  stm32f4xx_adc.o
    0x08000b70   0x08000b70   0x00000054   Code   RO         2454    i.ADC_Init          stm32f4xx_adc.o
    0x08000bc4   0x08000bc4   0x000000b8   Code   RO         2459    i.ADC_RegularChannelConfig  stm32f4xx_adc.o
    0x08000c7c   0x08000c7c   0x0000000a   Code   RO         2461    i.ADC_SoftwareStartConv  stm32f4xx_adc.o
    0x08000c86   0x08000c86   0x00000002   PAD
    0x08000c88   0x08000c88   0x00000034   Code   RO          377    i.BEEP_Config       beep.o
    0x08000cbc   0x08000cbc   0x000000fc   Code   RO            3    i.Beep_Clock        main.o
    0x08000db8   0x08000db8   0x000000cc   Code   RO            4    i.BlueTooth_Ctrl    main.o
    0x08000e84   0x08000e84   0x00000050   Code   RO         1004    i.DHT11_Check       dht11.o
    0x08000ed4   0x08000ed4   0x0000004c   Code   RO         1005    i.DHT11_Read_Bit    dht11.o
    0x08000f20   0x08000f20   0x0000001e   Code   RO         1006    i.DHT11_Read_Byte   dht11.o
    0x08000f3e   0x08000f3e   0x0000006e   Code   RO         1007    i.DHT11_Read_Data   dht11.o
    0x08000fac   0x08000fac   0x0000002c   Code   RO         1008    i.DHT11_Rst         dht11.o
    0x08000fd8   0x08000fd8   0x00000016   Code   RO         2672    i.DMA_Cmd           stm32f4xx_dma.o
    0x08000fee   0x08000fee   0x00000002   PAD
    0x08000ff0   0x08000ff0   0x00000058   Code   RO         2684    i.DMA_Init          stm32f4xx_dma.o
    0x08001048   0x08001048   0x00000018   Code   RO          339    i.EXTI0_IRQHandler  key.o
    0x08001060   0x08001060   0x0000000c   Code   RO         3275    i.EXTI_ClearITPendingBit  stm32f4xx_exti.o
    0x0800106c   0x0800106c   0x00000090   Code   RO         1247    i.GPIO_Init         stm32f4xx_gpio.o
    0x080010fc   0x080010fc   0x00000046   Code   RO         1248    i.GPIO_PinAFConfig  stm32f4xx_gpio.o
    0x08001142   0x08001142   0x00000008   Code   RO         1257    i.GPIO_ToggleBits   stm32f4xx_gpio.o
    0x0800114a   0x0800114a   0x0000000a   Code   RO         1259    i.GPIO_WriteBit     stm32f4xx_gpio.o
    0x08001154   0x08001154   0x00000040   Code   RO          340    i.KEY_Config        key.o
    0x08001194   0x08001194   0x00000064   Code   RO          271    i.LED_Config        led.o
    0x080011f8   0x080011f8   0x00000078   Code   RO         1202    i.NVIC_Init         misc.o
    0x08001270   0x08001270   0x00000014   Code   RO         1203    i.NVIC_PriorityGroupConfig  misc.o
    0x08001284   0x08001284   0x00000040   Code   RO          856    i.OLED_Clear        oled.o
    0x080012c4   0x080012c4   0x00000134   Code   RO          857    i.OLED_Config       oled.o
    0x080013f8   0x080013f8   0x0000002c   Code   RO          858    i.OLED_Set_Pos      oled.o
    0x08001424   0x08001424   0x000000a8   Code   RO          859    i.OLED_ShowChar     oled.o
    0x080014cc   0x080014cc   0x00000052   Code   RO          861    i.OLED_ShowString   oled.o
    0x0800151e   0x0800151e   0x00000002   PAD
    0x08001520   0x08001520   0x0000003c   Code   RO          862    i.OLED_WR_Byte      oled.o
    0x0800155c   0x0800155c   0x000000d0   Code   RO            5    i.Oled_show_clock   main.o
    0x0800162c   0x0800162c   0x00000160   Code   RO            6    i.Oled_show_temp    main.o
    0x0800178c   0x0800178c   0x00000050   Code   RO            7    i.Oled_show_time    main.o
    0x080017dc   0x080017dc   0x00000020   Code   RO         1344    i.RCC_AHB1PeriphClockCmd  stm32f4xx_rcc.o
    0x080017fc   0x080017fc   0x00000020   Code   RO         1356    i.RCC_APB2PeriphClockCmd  stm32f4xx_rcc.o
    0x0800181c   0x0800181c   0x000000e8   Code   RO         1365    i.RCC_GetClocksFreq  stm32f4xx_rcc.o
    0x08001904   0x08001904   0x00000030   Code   RO         1064    i.RTC_Alarm_IRQHandler  rtc.o
    0x08001934   0x08001934   0x00000016   Code   RO         2801    i.RTC_Bcd2ToByte    stm32f4xx_rtc.o
    0x0800194a   0x0800194a   0x00000002   PAD
    0x0800194c   0x0800194c   0x0000001c   Code   RO         2806    i.RTC_ClearFlag     stm32f4xx_rtc.o
    0x08001968   0x08001968   0x0000004c   Code   RO         2817    i.RTC_GetDate       stm32f4xx_rtc.o
    0x080019b4   0x080019b4   0x00000028   Code   RO         2818    i.RTC_GetFlagStatus  stm32f4xx_rtc.o
    0x080019dc   0x080019dc   0x00000050   Code   RO         2822    i.RTC_GetTime       stm32f4xx_rtc.o
    0x08001a2c   0x08001a2c   0x00000034   Code   RO         1069    i.RTC_WKUP_IRQHandler  rtc.o
    0x08001a60   0x08001a60   0x00000044   Code   RO          929    i.SPI0_ReadWriteByte  spi.o
    0x08001aa4   0x08001aa4   0x00000070   Code   RO          930    i.SPI_Config        spi.o
    0x08001b14   0x08001b14   0x000000ec   Code   RO         1158    i.SetSysClock       system_stm32f4xx.o
    0x08001c00   0x08001c00   0x00000034   Code   RO         3472    i.SysTick_Handler   port.o
    0x08001c34   0x08001c34   0x00000068   Code   RO         1160    i.SystemInit        system_stm32f4xx.o
    0x08001c9c   0x08001c9c   0x00000024   Code   RO          399    i.TIM2_IRQHandler   tim.o
    0x08001cc0   0x08001cc0   0x00000028   Code   RO          400    i.TIM3_IRQHandler   tim.o
    0x08001ce8   0x08001ce8   0x00000028   Code   RO          401    i.TIM4_IRQHandler   tim.o
    0x08001d10   0x08001d10   0x00000028   Code   RO          402    i.TIM5_IRQHandler   tim.o
    0x08001d38   0x08001d38   0x00000028   Code   RO          404    i.TIM6_DAC_IRQHandler  tim.o
    0x08001d60   0x08001d60   0x00000006   Code   RO         1689    i.TIM_ClearITPendingBit  stm32f4xx_tim.o
    0x08001d66   0x08001d66   0x00000022   Code   RO         1715    i.TIM_GetITStatus   stm32f4xx_tim.o
    0x08001d88   0x08001d88   0x0000017c   Code   RO            8    i.Task1_OLED        main.o
    0x08001f04   0x08001f04   0x00000108   Code   RO            9    i.Task2_KEY         main.o
    0x0800200c   0x0800200c   0x000000ec   Code   RO           10    i.Turn_led          main.o
    0x080020f8   0x080020f8   0x000000ac   Code   RO          459    i.UART1_Config      uart.o
    0x080021a4   0x080021a4   0x0000002c   Code   RO           11    i.USART1_IRQHandler  main.o
    0x080021d0   0x080021d0   0x00000030   Code   RO          462    i.USART3_IRQHandler  uart.o
    0x08002200   0x08002200   0x0000001e   Code   RO         2241    i.USART_ClearITPendingBit  stm32f4xx_usart.o
    0x0800221e   0x0800221e   0x00000018   Code   RO         2244    i.USART_Cmd         stm32f4xx_usart.o
    0x08002236   0x08002236   0x00000054   Code   RO         2248    i.USART_GetITStatus  stm32f4xx_usart.o
    0x0800228a   0x0800228a   0x0000004a   Code   RO         2250    i.USART_ITConfig    stm32f4xx_usart.o
    0x080022d4   0x080022d4   0x000000d4   Code   RO         2251    i.USART_Init        stm32f4xx_usart.o
    0x080023a8   0x080023a8   0x0000000a   Code   RO         2258    i.USART_ReceiveData  stm32f4xx_usart.o
    0x080023b2   0x080023b2   0x00000002   PAD
    0x080023b4   0x080023b4   0x00000020   Code   RO         4391    i.__0printf         mc_w.l(printfa.o)
    0x080023d4   0x080023d4   0x00000028   Code   RO         4393    i.__0sprintf        mc_w.l(printfa.o)
    0x080023fc   0x080023fc   0x00000038   Code   RO         1010    i.__DHT11_Pin_Select  dht11.o
    0x08002434   0x08002434   0x0000000e   Code   RO         4469    i.__scatterload_copy  mc_w.l(handlers.o)
    0x08002442   0x08002442   0x00000002   Code   RO         4470    i.__scatterload_null  mc_w.l(handlers.o)
    0x08002444   0x08002444   0x0000000e   Code   RO         4471    i.__scatterload_zeroinit  mc_w.l(handlers.o)
    0x08002452   0x08002452   0x00000002   PAD
    0x08002454   0x08002454   0x00000184   Code   RO         4398    i._fp_digits        mc_w.l(printfa.o)
    0x080025d8   0x080025d8   0x000006dc   Code   RO         4399    i._printf_core      mc_w.l(printfa.o)
    0x08002cb4   0x08002cb4   0x00000024   Code   RO         4400    i._printf_post_padding  mc_w.l(printfa.o)
    0x08002cd8   0x08002cd8   0x0000002e   Code   RO         4401    i._printf_pre_padding  mc_w.l(printfa.o)
    0x08002d06   0x08002d06   0x0000000a   Code   RO         4403    i._sputc            mc_w.l(printfa.o)
    0x08002d10   0x08002d10   0x0000000c   Code   RO          298    i.delay_ms          delay.o
    0x08002d1c   0x08002d1c   0x00000054   Code   RO          300    i.delay_us          delay.o
    0x08002d70   0x08002d70   0x00000024   Code   RO          464    i.fputc             uart.o
    0x08002d94   0x08002d94   0x0000018c   Code   RO           12    i.main              main.o
    0x08002f20   0x08002f20   0x00000078   Code   RO           13    i.oled_time         main.o
    0x08002f98   0x08002f98   0x000000c0   Code   RO         3780    i.prvAddCurrentTaskToDelayedList  tasks.o
    0x08003058   0x08003058   0x000000ec   Code   RO         3781    i.prvAddNewTaskToReadyList  tasks.o
    0x08003144   0x08003144   0x00000048   Code   RO         3782    i.prvCheckTasksWaitingTermination  tasks.o
    0x0800318c   0x0800318c   0x0000002a   Code   RO         3554    i.prvCopyDataFromQueue  queue.o
    0x080031b6   0x080031b6   0x0000007e   Code   RO         3555    i.prvCopyDataToQueue  queue.o
    0x08003234   0x08003234   0x00000012   Code   RO         3783    i.prvDeleteTCB      tasks.o
    0x08003246   0x08003246   0x00000002   PAD
    0x08003248   0x08003248   0x00000070   Code   RO         3334    i.prvHeapInit       heap_4.o
    0x080032b8   0x080032b8   0x00000028   Code   RO         3784    i.prvIdleTask       tasks.o
    0x080032e0   0x080032e0   0x0000002a   Code   RO         3558    i.prvInitialiseNewQueue  queue.o
    0x0800330a   0x0800330a   0x00000002   PAD
    0x0800330c   0x0800330c   0x00000118   Code   RO         3785    i.prvInitialiseNewTask  tasks.o
    0x08003424   0x08003424   0x00000068   Code   RO         3786    i.prvInitialiseTaskLists  tasks.o
    0x0800348c   0x0800348c   0x00000068   Code   RO         3335    i.prvInsertBlockIntoFreeList  heap_4.o
    0x080034f4   0x080034f4   0x0000001a   Code   RO         3559    i.prvIsQueueEmpty   queue.o
    0x0800350e   0x0800350e   0x0000001e   Code   RO         3560    i.prvIsQueueFull    queue.o
    0x0800352c   0x0800352c   0x00000030   Code   RO         3788    i.prvResetNextTaskUnblockTime  tasks.o
    0x0800355c   0x0800355c   0x0000007c   Code   RO         3473    i.prvTaskExitError  port.o
    0x080035d8   0x080035d8   0x00000098   Code   RO         3790    i.prvTaskIsTaskSuspended  tasks.o
    0x08003670   0x08003670   0x0000007e   Code   RO         3561    i.prvUnlockQueue    queue.o
    0x080036ee   0x080036ee   0x00000002   PAD
    0x080036f0   0x080036f0   0x00000178   Code   RO         3337    i.pvPortMalloc      heap_4.o
    0x08003868   0x08003868   0x0000002c   Code   RO         3474    i.pxPortInitialiseStack  port.o
    0x08003894   0x08003894   0x00000028   Code   RO         3428    i.uxListRemove      list.o
    0x080038bc   0x080038bc   0x0000001a   Code   RO         3429    i.vListInitialise   list.o
    0x080038d6   0x080038d6   0x00000006   Code   RO         3430    i.vListInitialiseItem  list.o
    0x080038dc   0x080038dc   0x00000034   Code   RO         3431    i.vListInsert       list.o
    0x08003910   0x08003910   0x00000018   Code   RO         3432    i.vListInsertEnd    list.o
    0x08003928   0x08003928   0x00000094   Code   RO         3476    i.vPortEnterCritical  port.o
    0x080039bc   0x080039bc   0x0000007c   Code   RO         3477    i.vPortExitCritical  port.o
    0x08003a38   0x08003a38   0x000000d8   Code   RO         3338    i.vPortFree         heap_4.o
    0x08003b10   0x08003b10   0x00000028   Code   RO         3478    i.vPortSetupTimerInterrupt  port.o
    0x08003b38   0x08003b38   0x0000009c   Code   RO         3800    i.vTaskDelay        tasks.o
    0x08003bd4   0x08003bd4   0x00000018   Code   RO         3805    i.vTaskInternalSetTimeOutState  tasks.o
    0x08003bec   0x08003bec   0x0000000c   Code   RO         3806    i.vTaskMissedYield  tasks.o
    0x08003bf8   0x08003bf8   0x00000078   Code   RO         3807    i.vTaskPlaceOnEventList  tasks.o
    0x08003c70   0x08003c70   0x00000104   Code   RO         3812    i.vTaskResume       tasks.o
    0x08003d74   0x08003d74   0x000000d0   Code   RO         3815    i.vTaskStartScheduler  tasks.o
    0x08003e44   0x08003e44   0x00000140   Code   RO         3816    i.vTaskSuspend      tasks.o
    0x08003f84   0x08003f84   0x00000010   Code   RO         3817    i.vTaskSuspendAll   tasks.o
    0x08003f94   0x08003f94   0x000000cc   Code   RO         3818    i.vTaskSwitchContext  tasks.o
    0x08004060   0x08004060   0x000001d0   Code   RO         3480    i.xPortStartScheduler  port.o
    0x08004230   0x08004230   0x000000a4   Code   RO         3573    i.xQueueGenericCreate  queue.o
    0x080042d4   0x080042d4   0x00000128   Code   RO         3574    i.xQueueGenericReset  queue.o
    0x080043fc   0x080043fc   0x000001dc   Code   RO         3575    i.xQueueGenericSend  queue.o
    0x080045d8   0x080045d8   0x0000018c   Code   RO         3583    i.xQueueReceive     queue.o
    0x08004764   0x08004764   0x000000dc   Code   RO         3820    i.xTaskCheckForTimeOut  tasks.o
    0x08004840   0x08004840   0x00000068   Code   RO         3821    i.xTaskCreate       tasks.o
    0x080048a8   0x080048a8   0x000001fc   Code   RO         3830    i.xTaskIncrementTick  tasks.o
    0x08004aa4   0x08004aa4   0x0000013c   Code   RO         3831    i.xTaskPriorityDisinherit  tasks.o
    0x08004be0   0x08004be0   0x00000160   Code   RO         3833    i.xTaskRemoveFromEventList  tasks.o
    0x08004d40   0x08004d40   0x000001b4   Code   RO         3834    i.xTaskResumeAll    tasks.o
    0x08004ef4   0x08004ef4   0x00000818   Data   RO          864    .constdata          oled.o
    0x0800570c   0x0800570c   0x00000017   Data   RO         3344    .constdata          heap_4.o
    0x08005723   0x08005723   0x0000007b   Data   RO         3481    .constdata          port.o
    0x0800579e   0x0800579e   0x000001cd   Data   RO         3588    .constdata          queue.o
    0x0800596b   0x0800596b   0x00000274   Data   RO         3837    .constdata          tasks.o
    0x08005bdf   0x08005bdf   0x00000001   PAD
    0x08005be0   0x08005be0   0x00000030   Data   RO         4467    Region$$Table       anon$$obj.o


    Execution Region RW_IRAM2 (Exec base: 0x10000000, Load base: 0x08005c10, Size: 0x00000bc0, Max: 0x00010000, ABSOLUTE)

    Exec Addr    Load Addr    Size         Type   Attr      Idx    E Section Name        Object

    0x10000000   0x08005c10   0x00000032   Data   RW           14    .data               main.o
    0x10000032   0x08005c42   0x00000002   PAD
    0x10000034   0x08005c44   0x00000009   Data   RW          466    .data               uart.o
    0x1000003d   0x08005c4d   0x00000003   PAD
    0x10000040   0x08005c50   0x00000014   Data   RW         1161    .data               system_stm32f4xx.o
    0x10000054   0x08005c64   0x00000010   Data   RW         1397    .data               stm32f4xx_rcc.o
    0x10000064   0x08005c74   0x0000001c   Data   RW         3345    .data               heap_4.o
    0x10000080   0x08005c90   0x0000000c   Data   RW         3482    .data               port.o
    0x1000008c   0x08005c9c   0x00000040   Data   RW         3838    .data               tasks.o
    0x100000cc   0x08005cdc   0x00000004   Data   RW         4443    .data               mc_w.l(stdout.o)
    0x100000d0        -       0x00000400   Zero   RW          465    .bss                uart.o
    0x100004d0        -       0x0000000a   Zero   RW          523    .bss                adc.o
    0x100004da   0x08005ce0   0x00000002   PAD
    0x100004dc        -       0x000002e4   Zero   RW         3836    .bss                tasks.o
    0x100007c0        -       0x00000400   Zero   RW         1193    STACK               startup_stm32f40_41xxx.o


    Execution Region RW_IRAM1 (Exec base: 0x20000000, Load base: 0x08005c10, Size: 0x00012c00, Max: 0x00020000, ABSOLUTE)

    Exec Addr    Load Addr    Size         Type   Attr      Idx    E Section Name        Object

    0x20000000        -       0x00012c00   Zero   RW         3343    .bss                heap_4.o


==============================================================================

Image component sizes


      Code (inc. data)   RO Data    RW Data    ZI Data      Debug   Object Name

       484         28          0          0         10       2327   adc.o
        52          6          0          0          0        550   beep.o
        96         10          0          0          0       1254   delay.o
       396         24          0          0          0       4335   dht11.o
       808        156         23         28      76800      10503   heap_4.o
        88         16          0          0          0       1044   key.o
       100          8          0          0          0        565   led.o
       148          0          0          0          0       3674   list.o
      2536        546          0         50          0     348822   main.o
       140         24          0          0          0       1791   misc.o
       726         26       2072          0          0       5284   oled.o
      1186        270        123         12          0      12413   port.o
      1724        208        461          0          0      42661   queue.o
       100         18          0          0          0       1069   rtc.o
       180         24          0          0          0       1254   spi.o
        36          8        392          0       1024        860   startup_stm32f40_41xxx.o
       392         24          0          0          0       5955   stm32f4xx_adc.o
       110          6          0          0          0       2609   stm32f4xx_dma.o
        12          6          0          0          0        581   stm32f4xx_exti.o
       232          0          0          0          0       3261   stm32f4xx_gpio.o
       296         30          0         16          0       4354   stm32f4xx_rcc.o
       246         28          0          0          0       4380   stm32f4xx_rtc.o
        40          0          0          0          0       2082   stm32f4xx_tim.o
       434          8          0          0          0       5328   stm32f4xx_usart.o
       340         32          0         20          0       2037   system_stm32f4xx.o
      4398       1024        628         64        740      46975   tasks.o
       196         36          0          0          0       2614   tim.o
       256         24          0          9       1024       4003   uart.o

    ----------------------------------------------------------------------
     15772       2590       3748        204      79600     522585   Object Totals
         0          0         48          0          0          0   (incl. Generated)
        20          0          1          5          2          0   (incl. Padding)

    ----------------------------------------------------------------------

      Code (inc. data)   RO Data    RW Data    ZI Data      Debug   Library Member Name

         0          0          0          0          0          0   entry.o
         0          0          0          0          0          0   entry10a.o
         0          0          0          0          0          0   entry11a.o
         8          4          0          0          0          0   entry2.o
         4          0          0          0          0          0   entry5.o
         0          0          0          0          0          0   entry7b.o
         0          0          0          0          0          0   entry8b.o
         8          4          0          0          0          0   entry9a.o
        30          0          0          0          0          0   handlers.o
        36          8          0          0          0         68   init.o
         0          0          0          0          0          0   iusefp.o
        30          0          0          0          0         68   llshl.o
        36          0          0          0          0         68   llsshr.o
        32          0          0          0          0         68   llushr.o
        36          0          0          0          0         68   memcpya.o
        36          0          0          0          0        108   memseta.o
      2308         96          0          0          0        604   printfa.o
         0          0          0          4          0          0   stdout.o
        28          0          0          0          0         76   strcmp.o
        14          0          0          0          0         68   strlen.o
        44          0          0          0          0         80   uidiv.o
        98          0          0          0          0         92   uldiv.o
        48          0          0          0          0         68   cdrcmple.o
        56          0          0          0          0         88   d2f.o
       334          0          0          0          0        148   dadd.o
       222          0          0          0          0        100   ddiv.o
       186          0          0          0          0        176   depilogue.o
        48          0          0          0          0         68   dfixul.o
        26          0          0          0          0         76   dfltui.o
       228          0          0          0          0         96   dmul.o
        38          0          0          0          0         68   f2d.o
       110          0          0          0          0        168   fepilogue.o

    ----------------------------------------------------------------------
      4048        112          0          4          0       2424   Library Totals
         4          0          0          0          0          0   (incl. Padding)

    ----------------------------------------------------------------------

      Code (inc. data)   RO Data    RW Data    ZI Data      Debug   Library Name

      2748        112          0          4          0       1368   mc_w.l
      1296          0          0          0          0       1056   mf_w.l

    ----------------------------------------------------------------------
      4048        112          0          4          0       2424   Library Totals

    ----------------------------------------------------------------------

==============================================================================


      Code (inc. data)   RO Data    RW Data    ZI Data      Debug   

     19820       2702       3748        208      79600     511565   Grand Totals
     19820       2702       3748        208      79600     511565   ELF Image Totals
     19820       2702       3748        208          0          0   ROM Totals

==============================================================================

    Total RO  Size (Code + RO Data)                23568 (  23.02kB)
    Total RW  Size (RW Data + ZI Data)             79808 (  77.94kB)
    Total ROM Size (Code + RO Data + RW Data)      23776 (  23.22kB)

==============================================================================

